main.c:152:5:main	16	static
main.c:302:6:SystemClock_Config	72	static
main.c:341:13:MX_I2C1_Init	8	static
main.c:375:13:MX_SPI2_Init	8	static
main.c:413:13:MX_TIM2_Init	32	static
main.c:458:13:MX_USART1_UART_Init	8	static
main.c:491:13:MX_USART2_UART_Init	8	static
main.c:524:13:MX_USART3_UART_Init	8	static
main.c:557:13:MX_GPIO_Init	40	static
main.c:589:6:LORA_CONFG	32	static
main.c:624:6:LORA_READ_PARAMETER	16	static
main.c:644:6:Data_Parsing	16	static
main.c:698:6:Data_Convert	16	static
main.c:724:6:Data_ToNextion	8	static
main.c:790:6:finding_maxmin	16	static
main.c:819:8:deg2rad	32	static
main.c:824:8:rad2deg	32	static
main.c:830:7:Cal_distGPS	40	static
main.c:842:7:GetAngle	56	static
main.c:890:6:Error_Handler	4	static
