Archive member included to satisfy reference by file (symbol)

c:/st/stm32cubeide_1.4.0/stm32cubeide/plugins/com.st.stm32cube.ide.mcu.externaltools.gnu-tools-for-stm32.7-2018-q2-update.win32_1.4.0.202007081208/tools/bin/../lib/gcc/arm-none-eabi/7.3.1/../../../../arm-none-eabi/lib/thumb/v7-m\libc_nano.a(lib_a-errno.o)
                              Core/Src/syscalls.o (__errno)
c:/st/stm32cubeide_1.4.0/stm32cubeide/plugins/com.st.stm32cube.ide.mcu.externaltools.gnu-tools-for-stm32.7-2018-q2-update.win32_1.4.0.202007081208/tools/bin/../lib/gcc/arm-none-eabi/7.3.1/../../../../arm-none-eabi/lib/thumb/v7-m\libc_nano.a(lib_a-exit.o)
                              c:/st/stm32cubeide_1.4.0/stm32cubeide/plugins/com.st.stm32cube.ide.mcu.externaltools.gnu-tools-for-stm32.7-2018-q2-update.win32_1.4.0.202007081208/tools/bin/../lib/gcc/arm-none-eabi/7.3.1/../../../../arm-none-eabi/lib/thumb/v7-m/crt0.o (exit)
c:/st/stm32cubeide_1.4.0/stm32cubeide/plugins/com.st.stm32cube.ide.mcu.externaltools.gnu-tools-for-stm32.7-2018-q2-update.win32_1.4.0.202007081208/tools/bin/../lib/gcc/arm-none-eabi/7.3.1/../../../../arm-none-eabi/lib/thumb/v7-m\libc_nano.a(lib_a-impure.o)
                              c:/st/stm32cubeide_1.4.0/stm32cubeide/plugins/com.st.stm32cube.ide.mcu.externaltools.gnu-tools-for-stm32.7-2018-q2-update.win32_1.4.0.202007081208/tools/bin/../lib/gcc/arm-none-eabi/7.3.1/../../../../arm-none-eabi/lib/thumb/v7-m\libc_nano.a(lib_a-exit.o) (_global_impure_ptr)
c:/st/stm32cubeide_1.4.0/stm32cubeide/plugins/com.st.stm32cube.ide.mcu.externaltools.gnu-tools-for-stm32.7-2018-q2-update.win32_1.4.0.202007081208/tools/bin/../lib/gcc/arm-none-eabi/7.3.1/../../../../arm-none-eabi/lib/thumb/v7-m\libc_nano.a(lib_a-init.o)
                              c:/st/stm32cubeide_1.4.0/stm32cubeide/plugins/com.st.stm32cube.ide.mcu.externaltools.gnu-tools-for-stm32.7-2018-q2-update.win32_1.4.0.202007081208/tools/bin/../lib/gcc/arm-none-eabi/7.3.1/../../../../arm-none-eabi/lib/thumb/v7-m/crt0.o (__libc_init_array)
c:/st/stm32cubeide_1.4.0/stm32cubeide/plugins/com.st.stm32cube.ide.mcu.externaltools.gnu-tools-for-stm32.7-2018-q2-update.win32_1.4.0.202007081208/tools/bin/../lib/gcc/arm-none-eabi/7.3.1/../../../../arm-none-eabi/lib/thumb/v7-m\libc_nano.a(lib_a-memset.o)
                              c:/st/stm32cubeide_1.4.0/stm32cubeide/plugins/com.st.stm32cube.ide.mcu.externaltools.gnu-tools-for-stm32.7-2018-q2-update.win32_1.4.0.202007081208/tools/bin/../lib/gcc/arm-none-eabi/7.3.1/../../../../arm-none-eabi/lib/thumb/v7-m/crt0.o (memset)
c:/st/stm32cubeide_1.4.0/stm32cubeide/plugins/com.st.stm32cube.ide.mcu.externaltools.gnu-tools-for-stm32.7-2018-q2-update.win32_1.4.0.202007081208/tools/bin/../lib/gcc/arm-none-eabi/7.3.1/../../../../arm-none-eabi/lib/thumb/v7-m\libc_nano.a(lib_a-nano-vfprintf_float.o)
                              (_printf_float)
c:/st/stm32cubeide_1.4.0/stm32cubeide/plugins/com.st.stm32cube.ide.mcu.externaltools.gnu-tools-for-stm32.7-2018-q2-update.win32_1.4.0.202007081208/tools/bin/../lib/gcc/arm-none-eabi/7.3.1/../../../../arm-none-eabi/lib/thumb/v7-m\libc_nano.a(lib_a-nano-vfprintf_i.o)
                              c:/st/stm32cubeide_1.4.0/stm32cubeide/plugins/com.st.stm32cube.ide.mcu.externaltools.gnu-tools-for-stm32.7-2018-q2-update.win32_1.4.0.202007081208/tools/bin/../lib/gcc/arm-none-eabi/7.3.1/../../../../arm-none-eabi/lib/thumb/v7-m\libc_nano.a(lib_a-nano-vfprintf_float.o) (_printf_common)
c:/st/stm32cubeide_1.4.0/stm32cubeide/plugins/com.st.stm32cube.ide.mcu.externaltools.gnu-tools-for-stm32.7-2018-q2-update.win32_1.4.0.202007081208/tools/bin/../lib/gcc/arm-none-eabi/7.3.1/../../../../arm-none-eabi/lib/thumb/v7-m\libc_nano.a(lib_a-sprintf.o)
                              Core/Src/main.o (sprintf)
c:/st/stm32cubeide_1.4.0/stm32cubeide/plugins/com.st.stm32cube.ide.mcu.externaltools.gnu-tools-for-stm32.7-2018-q2-update.win32_1.4.0.202007081208/tools/bin/../lib/gcc/arm-none-eabi/7.3.1/../../../../arm-none-eabi/lib/thumb/v7-m\libc_nano.a(lib_a-strlen.o)
                              Core/Src/main.o (strlen)
c:/st/stm32cubeide_1.4.0/stm32cubeide/plugins/com.st.stm32cube.ide.mcu.externaltools.gnu-tools-for-stm32.7-2018-q2-update.win32_1.4.0.202007081208/tools/bin/../lib/gcc/arm-none-eabi/7.3.1/../../../../arm-none-eabi/lib/thumb/v7-m\libc_nano.a(lib_a-dtoa.o)
                              c:/st/stm32cubeide_1.4.0/stm32cubeide/plugins/com.st.stm32cube.ide.mcu.externaltools.gnu-tools-for-stm32.7-2018-q2-update.win32_1.4.0.202007081208/tools/bin/../lib/gcc/arm-none-eabi/7.3.1/../../../../arm-none-eabi/lib/thumb/v7-m\libc_nano.a(lib_a-nano-vfprintf_float.o) (_dtoa_r)
c:/st/stm32cubeide_1.4.0/stm32cubeide/plugins/com.st.stm32cube.ide.mcu.externaltools.gnu-tools-for-stm32.7-2018-q2-update.win32_1.4.0.202007081208/tools/bin/../lib/gcc/arm-none-eabi/7.3.1/../../../../arm-none-eabi/lib/thumb/v7-m\libc_nano.a(lib_a-localeconv.o)
[...]
Memory Configuration

Name             Origin             Length             Attributes
RAM              0x0000000020000000 0x0000000000005000 xrw
FLASH            0x0000000008000000 0x0000000000010000 xr
*default*        0x0000000000000000 0xffffffffffffffff

Linker script and memory map

LOAD c:/st/stm32cubeide_1.4.0/stm32cubeide/plugins/com.st.stm32cube.ide.mcu.externaltools.gnu-tools-for-stm32.7-2018-q2-update.win32_1.4.0.202007081208/tools/bin/../lib/gcc/arm-none-eabi/7.3.1/thumb/v7-m/crti.o
LOAD c:/st/stm32cubeide_1.4.0/stm32cubeide/plugins/com.st.stm32cube.ide.mcu.externaltools.gnu-tools-for-stm32.7-2018-q2-update.win32_1.4.0.202007081208/tools/bin/../lib/gcc/arm-none-eabi/7.3.1/thumb/v7-m/crtbegin.o
LOAD c:/st/stm32cubeide_1.4.0/stm32cubeide/plugins/com.st.stm32cube.ide.mcu.externaltools.gnu-tools-for-stm32.7-2018-q2-update.win32_1.4.0.202007081208/tools/bin/../lib/gcc/arm-none-eabi/7.3.1/../../../../arm-none-eabi/lib/thumb/v7-m/crt0.o
LOAD Core/Src/MS5611.o
LOAD Core/Src/fatfs_sd.o
LOAD Core/Src/main.o
LOAD Core/Src/stm32f1xx_hal_msp.o
LOAD Core/Src/stm32f1xx_it.o
LOAD Core/Src/syscalls.o
LOAD Core/Src/sysmem.o
LOAD Core/Src/system_stm32f1xx.o
LOAD Core/Startup/startup_stm32f103c8tx.o
LOAD Drivers/STM32F1xx_HAL_Driver/Src/stm32f1xx_hal.o
LOAD Drivers/STM32F1xx_HAL_Driver/Src/stm32f1xx_hal_cortex.o
LOAD Drivers/STM32F1xx_HAL_Driver/Src/stm32f1xx_hal_dma.o
LOAD Drivers/STM32F1xx_HAL_Driver/Src/stm32f1xx_hal_exti.o
LOAD Drivers/STM32F1xx_HAL_Driver/Src/stm32f1xx_hal_flash.o
LOAD Drivers/STM32F1xx_HAL_Driver/Src/stm32f1xx_hal_flash_ex.o
LOAD Drivers/STM32F1xx_HAL_Driver/Src/stm32f1xx_hal_gpio.o
LOAD Drivers/STM32F1xx_HAL_Driver/Src/stm32f1xx_hal_gpio_ex.o
LOAD Drivers/STM32F1xx_HAL_Driver/Src/stm32f1xx_hal_i2c.o
LOAD Drivers/STM32F1xx_HAL_Driver/Src/stm32f1xx_hal_pwr.o
LOAD Drivers/STM32F1xx_HAL_Driver/Src/stm32f1xx_hal_rcc.o
LOAD Drivers/STM32F1xx_HAL_Driver/Src/stm32f1xx_hal_rcc_ex.o
LOAD Drivers/STM32F1xx_HAL_Driver/Src/stm32f1xx_hal_spi.o
LOAD Drivers/STM32F1xx_HAL_Driver/Src/stm32f1xx_hal_tim.o
LOAD Drivers/STM32F1xx_HAL_Driver/Src/stm32f1xx_hal_tim_ex.o
LOAD Drivers/STM32F1xx_HAL_Driver/Src/stm32f1xx_hal_uart.o
LOAD FATFS/App/fatfs.o
LOAD FATFS/Target/user_diskio.o
LOAD Middlewares/Third_Party/FatFs/src/diskio.o
LOAD Middlewares/Third_Party/FatFs/src/ff.o
LOAD Middlewares/Third_Party/FatFs/src/ff_gen_drv.o
LOAD Middlewares/Third_Party/FatFs/src/option/ccsbcs.o
LOAD Middlewares/Third_Party/FatFs/src/option/syscall.o
START GROUP
LOAD c:/st/stm32cubeide_1.4.0/stm32cubeide/plugins/com.st.stm32cube.ide.mcu.externaltools.gnu-tools-for-stm32.7-2018-q2-update.win32_1.4.0.202007081208/tools/bin/../lib/gcc/arm-none-eabi/7.3.1/../../../../arm-none-eabi/lib/thumb/v7-m\libc_nano.a
LOAD c:/st/stm32cubeide_1.4.0/stm32cubeide/plugins/com.st.stm32cube.ide.mcu.externaltools.gnu-tools-for-stm32.7-2018-q2-update.win32_1.4.0.202007081208/tools/bin/../lib/gcc/arm-none-eabi/7.3.1/../../../../arm-none-eabi/lib/thumb/v7-m\libm.a
END GROUP
START GROUP
LOAD c:/st/stm32cubeide_1.4.0/stm32cubeide/plugins/com.st.stm32cube.ide.mcu.externaltools.gnu-tools-for-stm32.7-2018-q2-update.win32_1.4.0.202007081208/tools/bin/../lib/gcc/arm-none-eabi/7.3.1/thumb/v7-m\libgcc.a
LOAD c:/st/stm32cubeide_1.4.0/stm32cubeide/plugins/com.st.stm32cube.ide.mcu.externaltools.gnu-tools-for-stm32.7-2018-q2-update.win32_1.4.0.202007081208/tools/bin/../lib/gcc/arm-none-eabi/7.3.1/../../../../arm-none-eabi/lib/thumb/v7-m\libc_nano.a
END GROUP
START GROUP
LOAD c:/st/stm32cubeide_1.4.0/stm32cubeide/plugins/com.st.stm32cube.ide.mcu.externaltools.gnu-tools-for-stm32.7-2018-q2-update.win32_1.4.0.202007081208/tools/bin/../lib/gcc/arm-none-eabi/7.3.1/thumb/v7-m\libgcc.a
LOAD c:/st/stm32cubeide_1.4.0/stm32cubeide/plugins/com.st.stm32cube.ide.mcu.externaltools.gnu-tools-for-stm32.7-2018-q2-update.win32_1.4.0.202007081208/tools/bin/../lib/gcc/arm-none-eabi/7.3.1/../../../../arm-none-eabi/lib/thumb/v7-m\libc_nano.a
LOAD c:/st/stm32cubeide_1.4.0/stm32cubeide/plugins/com.st.stm32cube.ide.mcu.externaltools.gnu-tools-for-stm32.7-2018-q2-update.win32_1.4.0.202007081208/tools/bin/../lib/gcc/arm-none-eabi/7.3.1/../../../../arm-none-eabi/lib/thumb/v7-m\libnosys.a
END GROUP
START GROUP
LOAD c:/st/stm32cubeide_1.4.0/stm32cubeide/plugins/com.st.stm32cube.ide.mcu.externaltools.gnu-tools-for-stm32.7-2018-q2-update.win32_1.4.0.202007081208/tools/bin/../lib/gcc/arm-none-eabi/7.3.1/thumb/v7-m\libgcc.a
LOAD c:/st/stm32cubeide_1.4.0/stm32cubeide/plugins/com.st.stm32cube.ide.mcu.externaltools.gnu-tools-for-stm32.7-2018-q2-update.win32_1.4.0.202007081208/tools/bin/../lib/gcc/arm-none-eabi/7.3.1/../../../../arm-none-eabi/lib/thumb/v7-m\libc_nano.a
LOAD c:/st/stm32cubeide_1.4.0/stm32cubeide/plugins/com.st.stm32cube.ide.mcu.externaltools.gnu-tools-for-stm32.7-2018-q2-update.win32_1.4.0.202007081208/tools/bin/../lib/gcc/arm-none-eabi/7.3.1/../../../../arm-none-eabi/lib/thumb/v7-m\libnosys.a
END GROUP
LOAD c:/st/stm32cubeide_1.4.0/stm32cubeide/plugins/com.st.stm32cube.ide.mcu.externaltools.gnu-tools-for-stm32.7-2018-q2-update.win32_1.4.0.202007081208/tools/bin/../lib/gcc/arm-none-eabi/7.3.1/thumb/v7-m/crtend.o
LOAD c:/st/stm32cubeide_1.4.0/stm32cubeide/plugins/com.st.stm32cube.ide.mcu.externaltools.gnu-tools-for-stm32.7-2018-q2-update.win32_1.4.0.202007081208/tools/bin/../lib/gcc/arm-none-eabi/7.3.1/thumb/v7-m/crtn.o
                0x0000000020005000                _estack = (ORIGIN (RAM) + LENGTH (RAM))
                0x0000000000000200                _Min_Heap_Size = 0x200
                0x0000000000000400                _Min_Stack_Size = 0x400

.isr_vector     0x0000000008000000      0x10c
                0x0000000008000000                . = ALIGN (0x4)
 *(.isr_vector)
 .isr_vector    0x0000000008000000      0x10c Core/Startup/startup_stm32f103c8tx.o
                0x0000000008000000                g_pfnVectors
                0x000000000800010c                . = ALIGN (0x4)

.text           0x0000000008000110     0xc4f8
                0x0000000008000110                . = ALIGN (0x4)
 *(.text)
 .text          0x0000000008000110       0x40 c:/st/stm32cubeide_1.4.0/stm32cubeide/plugins/com.st.stm32cube.ide.mcu.externaltools.gnu-tools-for-stm32.7-2018-q2-update.win32_1.4.0.202007081208/tools/bin/../lib/gcc/arm-none-eabi/7.3.1/thumb/v7-m/crtbegin.o
 .text          0x0000000008000150       0x10 c:/st/stm32cubeide_1.4.0/stm32cubeide/plugins/com.st.stm32cube.ide.mcu.externaltools.gnu-tools-for-stm32.7-2018-q2-update.win32_1.4.0.202007081208/tools/bin/../lib/gcc/arm-none-eabi/7.3.1/../../../../arm-none-eabi/lib/thumb/v7-m\libc_nano.a(lib_a-strlen.o)
                0x0000000008000150                strlen
 .text          0x0000000008000160      0x378 c:/st/stm32cubeide_1.4.0/stm32cubeide/plugins/com.st.stm32cube.ide.mcu.externaltools.gnu-tools-for-stm32.7-2018-q2-update.win32_1.4.0.202007081208/tools/bin/../lib/gcc/arm-none-eabi/7.3.1/thumb/v7-m\libgcc.a(_arm_addsubdf3.o)
                0x0000000008000160                __aeabi_drsub
                0x0000000008000168                __aeabi_dsub
                0x0000000008000168                __subdf3
                0x000000000800016c                __aeabi_dadd
                0x000000000800016c                __adddf3
                0x00000000080003e4                __floatunsidf
                0x00000000080003e4                __aeabi_ui2d
                0x0000000008000404                __floatsidf
                0x0000000008000404                __aeabi_i2d
                0x0000000008000428                __aeabi_f2d
                0x0000000008000428                __extendsfdf2
                0x000000000800046c                __floatundidf
                0x000000000800046c                __aeabi_ul2d
                0x000000000800047c                __floatdidf
                0x000000000800047c                __aeabi_l2d
 .text          0x00000000080004d8      0x424 c:/st/stm32cubeide_1.4.0/stm32cubeide/plugins/com.st.stm32cube.ide.mcu.externaltools.gnu-tools-for-stm32.7-2018-q2-update.win32_1.4.0.202007081208/tools/bin/../lib/gcc/arm-none-eabi/7.3.1/thumb/v7-m\libgcc.a(_arm_muldivdf3.o)
                0x00000000080004d8                __aeabi_dmul
                0x00000000080004d8                __muldf3
                0x000000000800072c                __divdf3
                0x000000000800072c                __aeabi_ddiv
 .text          0x00000000080008fc      0x110 c:/st/stm32cubeide_1.4.0/stm32cubeide/plugins/com.st.stm32cube.ide.mcu.externaltools.gnu-tools-for-stm32.7-2018-q2-update.win32_1.4.0.202007081208/tools/bin/../lib/gcc/arm-none-eabi/7.3.1/thumb/v7-m\libgcc.a(_arm_cmpdf2.o)
                0x00000000080008fc                __gtdf2
                0x00000000080008fc                __gedf2
                0x0000000008000904                __ltdf2
                0x0000000008000904                __ledf2
                0x000000000800090c                __nedf2
                0x000000000800090c                __eqdf2
                0x000000000800090c                __cmpdf2
                0x0000000008000988                __aeabi_cdrcmple
                0x0000000008000998                __aeabi_cdcmpeq
                0x0000000008000998                __aeabi_cdcmple
                0x00000000080009a8                __aeabi_dcmpeq
                0x00000000080009bc                __aeabi_dcmplt
                0x00000000080009d0                __aeabi_dcmple
                0x00000000080009e4                __aeabi_dcmpge
                0x00000000080009f8                __aeabi_dcmpgt
 .text          0x0000000008000a0c       0x2c c:/st/stm32cubeide_1.4.0/stm32cubeide/plugins/com.st.stm32cube.ide.mcu.externaltools.gnu-tools-for-stm32.7-2018-q2-update.win32_1.4.0.202007081208/tools/bin/../lib/gcc/arm-none-eabi/7.3.1/thumb/v7-m\libgcc.a(_arm_unorddf2.o)
                0x0000000008000a0c                __unorddf2
                0x0000000008000a0c                __aeabi_dcmpun
 .text          0x0000000008000a38       0x50 c:/st/stm32cubeide_1.4.0/stm32cubeide/plugins/com.st.stm32cube.ide.mcu.externaltools.gnu-tools-for-stm32.7-2018-q2-update.win32_1.4.0.202007081208/tools/bin/../lib/gcc/arm-none-eabi/7.3.1/thumb/v7-m\libgcc.a(_arm_fixdfsi.o)
                0x0000000008000a38                __aeabi_d2iz
                0x0000000008000a38                __fixdfsi
 .text          0x0000000008000a88       0x40 c:/st/stm32cubeide_1.4.0/stm32cubeide/plugins/com.st.stm32cube.ide.mcu.externaltools.gnu-tools-for-stm32.7-2018-q2-update.win32_1.4.0.202007081208/tools/bin/../lib/gcc/arm-none-eabi/7.3.1/thumb/v7-m\libgcc.a(_arm_fixunsdfsi.o)
                0x0000000008000a88                __aeabi_d2uiz
                0x0000000008000a88                __fixunsdfsi
 .text          0x0000000008000ac8       0xa0 c:/st/stm32cubeide_1.4.0/stm32cubeide/plugins/com.st.stm32cube.ide.mcu.externaltools.gnu-tools-for-stm32.7-2018-q2-update.win32_1.4.0.202007081208/tools/bin/../lib/gcc/arm-none-eabi/7.3.1/thumb/v7-m\libgcc.a(_arm_truncdfsf2.o)
                0x0000000008000ac8                __truncdfsf2
                0x0000000008000ac8                __aeabi_d2f
 .text          0x0000000008000b68      0x21c c:/st/stm32cubeide_1.4.0/stm32cubeide/plugins/com.st.stm32cube.ide.mcu.externaltools.gnu-tools-for-stm32.7-2018-q2-update.win32_1.4.0.202007081208/tools/bin/../lib/gcc/arm-none-eabi/7.3.1/thumb/v7-m\libgcc.a(_arm_addsubsf3.o)
                0x0000000008000b68                __aeabi_frsub
                0x0000000008000b70                __subsf3
                0x0000000008000b70                __aeabi_fsub
                0x0000000008000b74                __aeabi_fadd
                0x0000000008000b74                __addsf3
                0x0000000008000cd4                __aeabi_ui2f
                0x0000000008000cd4                __floatunsisf
                0x0000000008000cdc                __aeabi_i2f
                0x0000000008000cdc                __floatsisf
                0x0000000008000cf8                __aeabi_ul2f
                0x0000000008000cf8                __floatundisf
                0x0000000008000d08                __aeabi_l2f
                0x0000000008000d08                __floatdisf
 .text          0x0000000008000d84      0x2a0 c:/st/stm32cubeide_1.4.0/stm32cubeide/plugins/com.st.stm32cube.ide.mcu.externaltools.gnu-tools-for-stm32.7-2018-q2-update.win32_1.4.0.202007081208/tools/bin/../lib/gcc/arm-none-eabi/7.3.1/thumb/v7-m\libgcc.a(_arm_muldivsf3.o)
                0x0000000008000d84                __mulsf3
                0x0000000008000d84                __aeabi_fmul
                0x0000000008000eec                __aeabi_fdiv
                0x0000000008000eec                __divsf3
 .text          0x0000000008001024       0xec c:/st/stm32cubeide_1.4.0/stm32cubeide/plugins/com.st.stm32cube.ide.mcu.externaltools.gnu-tools-for-stm32.7-2018-q2-update.win32_1.4.0.202007081208/tools/bin/../lib/gcc/arm-none-eabi/7.3.1/thumb/v7-m\libgcc.a(_arm_cmpsf2.o)
                0x0000000008001024                __gesf2
                0x0000000008001024                __gtsf2
                0x000000000800102c                __lesf2
                0x000000000800102c                __ltsf2
                0x0000000008001034                __nesf2
                0x0000000008001034                __eqsf2
                0x0000000008001034                __cmpsf2
                0x0000000008001094                __aeabi_cfrcmple
                0x000000000800109c                __aeabi_cfcmpeq
                0x000000000800109c                __aeabi_cfcmple
                0x00000000080010ac                __aeabi_fcmpeq
                0x00000000080010c0                __aeabi_fcmplt
                0x00000000080010d4                __aeabi_fcmple
                0x00000000080010e8                __aeabi_fcmpge
                0x00000000080010fc                __aeabi_fcmpgt
 .text          0x0000000008001110       0x28 c:/st/stm32cubeide_1.4.0/stm32cubeide/plugins/com.st.stm32cube.ide.mcu.externaltools.gnu-tools-for-stm32.7-2018-q2-update.win32_1.4.0.202007081208/tools/bin/../lib/gcc/arm-none-eabi/7.3.1/thumb/v7-m\libgcc.a(_fixsfdi.o)
                0x0000000008001110                __fixsfdi
                0x0000000008001110                __aeabi_f2lz
 .text          0x0000000008001138       0x48 c:/st/stm32cubeide_1.4.0/stm32cubeide/plugins/com.st.stm32cube.ide.mcu.externaltools.gnu-tools-for-stm32.7-2018-q2-update.win32_1.4.0.202007081208/tools/bin/../lib/gcc/arm-none-eabi/7.3.1/thumb/v7-m\libgcc.a(_fixunssfdi.o)
                0x0000000008001138                __fixunssfdi
                0x0000000008001138                __aeabi_f2ulz
 *(.text*)
 .text.MS5611_Init
                0x0000000008001180      0x228 Core/Src/MS5611.o
                0x0000000008001180                MS5611_Init
 .text.MS5611_ReadTemperature
                0x00000000080013a8      0x12c Core/Src/MS5611.o
                0x00000000080013a8                MS5611_ReadTemperature
 .text.MS5611_ReadPressure
                0x00000000080014d4      0x278 Core/Src/MS5611.o
                0x00000000080014d4                MS5611_ReadPressure
 *fill*         0x000000000800174c        0x4 
 .text.MS5611_ReadAltitude
                0x0000000008001750       0xcc Core/Src/MS5611.o
                0x0000000008001750                MS5611_ReadAltitude
 .text.MS5611_ReadMedian_Altitude
                0x000000000800181c       0x4e Core/Src/MS5611.o
                0x000000000800181c                MS5611_ReadMedian_Altitude
 .text.Array_sort_MS
                0x000000000800186a       0xac Core/Src/MS5611.o
                0x000000000800186a                Array_sort_MS
 *fill*         0x0000000008001916        0x2 
 .text.SELECT   0x0000000008001918       0x18 Core/Src/fatfs_sd.o
 .text.DESELECT
                0x0000000008001930       0x18 Core/Src/fatfs_sd.o
 .text.SPI_TxByte
                0x0000000008001948       0x34 Core/Src/fatfs_sd.o
 .text.SPI_RxByte
                0x000000000800197c       0x3c Core/Src/fatfs_sd.o
 .text.SPI_RxBytePtr
                0x00000000080019b8       0x1c Core/Src/fatfs_sd.o
 .text.SD_ReadyWait
                0x00000000080019d4       0x38 Core/Src/fatfs_sd.o
 .text.SD_PowerOn
                0x0000000008001a0c       0x98 Core/Src/fatfs_sd.o
 .text.SD_PowerOff
                0x0000000008001aa4       0x18 Core/Src/fatfs_sd.o
 .text.SD_CheckPower
                0x0000000008001abc       0x14 Core/Src/fatfs_sd.o
 .text.SD_RxDataBlock
                0x0000000008001ad0       0x6c Core/Src/fatfs_sd.o
 .text.SD_TxDataBlock
                0x0000000008001b3c       0xa8 Core/Src/fatfs_sd.o
 .text.SD_SendCmd
                0x0000000008001be4       0xa4 Core/Src/fatfs_sd.o
 .text.SD_disk_initialize
                0x0000000008001c88      0x1d4 Core/Src/fatfs_sd.o
                0x0000000008001c88                SD_disk_initialize
 .text.SD_disk_status
                0x0000000008001e5c       0x28 Core/Src/fatfs_sd.o
                0x0000000008001e5c                SD_disk_status
 .text.SD_disk_read
                0x0000000008001e84       0xd4 Core/Src/fatfs_sd.o
                0x0000000008001e84                SD_disk_read
 .text.SD_disk_write
                0x0000000008001f58      0x108 Core/Src/fatfs_sd.o
                0x0000000008001f58                SD_disk_write
 .text.SD_disk_ioctl
                0x0000000008002060      0x25c Core/Src/fatfs_sd.o
                0x0000000008002060                SD_disk_ioctl
 .text.send_uart
                0x00000000080022bc       0x30 Core/Src/main.o
                0x00000000080022bc                send_uart
 .text.bufclear
                0x00000000080022ec       0x34 Core/Src/main.o
                0x00000000080022ec                bufclear
 .text.main     0x0000000008002320      0x434 Core/Src/main.o
                0x0000000008002320                main
 .text.SystemClock_Config
                0x0000000008002754       0x8c Core/Src/main.o
                0x0000000008002754                SystemClock_Config
 .text.MX_I2C1_Init
                0x00000000080027e0       0x5c Core/Src/main.o
 .text.MX_SPI2_Init
                0x000000000800283c       0x6c Core/Src/main.o
 .text.MX_TIM2_Init
                0x00000000080028a8       0x9c Core/Src/main.o
 .text.MX_USART1_UART_Init
                0x0000000008002944       0x54 Core/Src/main.o
 .text.MX_USART2_UART_Init
                0x0000000008002998       0x54 Core/Src/main.o
 .text.MX_GPIO_Init
                0x00000000080029ec       0xc0 Core/Src/main.o
 .text.Error_Handler
                0x0000000008002aac        0xc Core/Src/main.o
                0x0000000008002aac                Error_Handler
 .text.HAL_MspInit
                0x0000000008002ab8       0x64 Core/Src/stm32f1xx_hal_msp.o
                0x0000000008002ab8                HAL_MspInit
 .text.HAL_I2C_MspInit
                0x0000000008002b1c       0xa0 Core/Src/stm32f1xx_hal_msp.o
                0x0000000008002b1c                HAL_I2C_MspInit
 .text.HAL_SPI_MspInit
                0x0000000008002bbc       0x98 Core/Src/stm32f1xx_hal_msp.o
                0x0000000008002bbc                HAL_SPI_MspInit
 .text.HAL_TIM_Base_MspInit
                0x0000000008002c54       0x38 Core/Src/stm32f1xx_hal_msp.o
                0x0000000008002c54                HAL_TIM_Base_MspInit
 .text.HAL_UART_MspInit
                0x0000000008002c8c      0x128 Core/Src/stm32f1xx_hal_msp.o
                0x0000000008002c8c                HAL_UART_MspInit
 .text.SDTimer_Handler
                0x0000000008002db4       0x44 Core/Src/stm32f1xx_it.o
                0x0000000008002db4                SDTimer_Handler
 .text.NMI_Handler
                0x0000000008002df8        0xc Core/Src/stm32f1xx_it.o
                0x0000000008002df8                NMI_Handler
 .text.HardFault_Handler
                0x0000000008002e04        0x6 Core/Src/stm32f1xx_it.o
                0x0000000008002e04                HardFault_Handler
 .text.MemManage_Handler
                0x0000000008002e0a        0x6 Core/Src/stm32f1xx_it.o
                0x0000000008002e0a                MemManage_Handler
 .text.BusFault_Handler
                0x0000000008002e10        0x6 Core/Src/stm32f1xx_it.o
                0x0000000008002e10                BusFault_Handler
 .text.UsageFault_Handler
                0x0000000008002e16        0x6 Core/Src/stm32f1xx_it.o
                0x0000000008002e16                UsageFault_Handler
 .text.SVC_Handler
                0x0000000008002e1c        0xc Core/Src/stm32f1xx_it.o
                0x0000000008002e1c                SVC_Handler
 .text.DebugMon_Handler
                0x0000000008002e28        0xc Core/Src/stm32f1xx_it.o
                0x0000000008002e28                DebugMon_Handler
 .text.PendSV_Handler
                0x0000000008002e34        0xc Core/Src/stm32f1xx_it.o
                0x0000000008002e34                PendSV_Handler
 .text.SysTick_Handler
                0x0000000008002e40       0x34 Core/Src/stm32f1xx_it.o
                0x0000000008002e40                SysTick_Handler
 .text._sbrk    0x0000000008002e74       0x6c Core/Src/sysmem.o
                0x0000000008002e74                _sbrk
 .text.SystemInit
                0x0000000008002ee0        0xc Core/Src/system_stm32f1xx.o
                0x0000000008002ee0                SystemInit
 .text.Reset_Handler
                0x0000000008002eec       0x48 Core/Startup/startup_stm32f103c8tx.o
                0x0000000008002eec                Reset_Handler
 .text.Default_Handler
                0x0000000008002f34        0x2 Core/Startup/startup_stm32f103c8tx.o
                0x0000000008002f34                RTC_Alarm_IRQHandler
                0x0000000008002f34                EXTI2_IRQHandler
                0x0000000008002f34                TIM1_CC_IRQHandler
                0x0000000008002f34                PVD_IRQHandler
                0x0000000008002f34                EXTI3_IRQHandler
                0x0000000008002f34                EXTI0_IRQHandler
                0x0000000008002f34                I2C2_EV_IRQHandler
                0x0000000008002f34                ADC1_2_IRQHandler
                0x0000000008002f34                SPI1_IRQHandler
                0x0000000008002f34                TAMPER_IRQHandler
                0x0000000008002f34                DMA1_Channel4_IRQHandler
                0x0000000008002f34                USART3_IRQHandler
                0x0000000008002f34                RTC_IRQHandler
                0x0000000008002f34                DMA1_Channel7_IRQHandler
                0x0000000008002f34                CAN1_RX1_IRQHandler
                0x0000000008002f34                TIM4_IRQHandler
                0x0000000008002f34                I2C1_EV_IRQHandler
                0x0000000008002f34                DMA1_Channel6_IRQHandler
                0x0000000008002f34                TIM3_IRQHandler
                0x0000000008002f34                RCC_IRQHandler
                0x0000000008002f34                TIM1_TRG_COM_IRQHandler
                0x0000000008002f34                DMA1_Channel1_IRQHandler
                0x0000000008002f34                Default_Handler
                0x0000000008002f34                EXTI15_10_IRQHandler
                0x0000000008002f34                EXTI9_5_IRQHandler
                0x0000000008002f34                SPI2_IRQHandler
                0x0000000008002f34                DMA1_Channel5_IRQHandler
                0x0000000008002f34                EXTI4_IRQHandler
                0x0000000008002f34                USB_LP_CAN1_RX0_IRQHandler
                0x0000000008002f34                USB_HP_CAN1_TX_IRQHandler
                0x0000000008002f34                DMA1_Channel3_IRQHandler
                0x0000000008002f34                TIM1_UP_IRQHandler
                0x0000000008002f34                WWDG_IRQHandler
                0x0000000008002f34                TIM2_IRQHandler
                0x0000000008002f34                TIM1_BRK_IRQHandler
                0x0000000008002f34                EXTI1_IRQHandler
                0x0000000008002f34                USART2_IRQHandler
                0x0000000008002f34                I2C2_ER_IRQHandler
                0x0000000008002f34                DMA1_Channel2_IRQHandler
                0x0000000008002f34                CAN1_SCE_IRQHandler
                0x0000000008002f34                FLASH_IRQHandler
                0x0000000008002f34                USART1_IRQHandler
                0x0000000008002f34                I2C1_ER_IRQHandler
                0x0000000008002f34                USBWakeUp_IRQHandler
 *fill*         0x0000000008002f36        0x2 
 .text.HAL_Init
                0x0000000008002f38       0x2c Drivers/STM32F1xx_HAL_Driver/Src/stm32f1xx_hal.o
                0x0000000008002f38                HAL_Init
 .text.HAL_InitTick
                0x0000000008002f64       0x60 Drivers/STM32F1xx_HAL_Driver/Src/stm32f1xx_hal.o
                0x0000000008002f64                HAL_InitTick
 .text.HAL_IncTick
                0x0000000008002fc4       0x24 Drivers/STM32F1xx_HAL_Driver/Src/stm32f1xx_hal.o
                0x0000000008002fc4                HAL_IncTick
 .text.HAL_GetTick
                0x0000000008002fe8       0x14 Drivers/STM32F1xx_HAL_Driver/Src/stm32f1xx_hal.o
                0x0000000008002fe8                HAL_GetTick
 .text.HAL_Delay
                0x0000000008002ffc       0x44 Drivers/STM32F1xx_HAL_Driver/Src/stm32f1xx_hal.o
                0x0000000008002ffc                HAL_Delay
 .text.__NVIC_SetPriorityGrouping
                0x0000000008003040       0x48 Drivers/STM32F1xx_HAL_Driver/Src/stm32f1xx_hal_cortex.o
 .text.__NVIC_GetPriorityGrouping
                0x0000000008003088       0x1c Drivers/STM32F1xx_HAL_Driver/Src/stm32f1xx_hal_cortex.o
 .text.__NVIC_SetPriority
                0x00000000080030a4       0x54 Drivers/STM32F1xx_HAL_Driver/Src/stm32f1xx_hal_cortex.o
 .text.NVIC_EncodePriority
                0x00000000080030f8       0x64 Drivers/STM32F1xx_HAL_Driver/Src/stm32f1xx_hal_cortex.o
 .text.SysTick_Config
                0x000000000800315c       0x44 Drivers/STM32F1xx_HAL_Driver/Src/stm32f1xx_hal_cortex.o
 .text.HAL_NVIC_SetPriorityGrouping
                0x00000000080031a0       0x16 Drivers/STM32F1xx_HAL_Driver/Src/stm32f1xx_hal_cortex.o
                0x00000000080031a0                HAL_NVIC_SetPriorityGrouping
 .text.HAL_NVIC_SetPriority
                0x00000000080031b6       0x38 Drivers/STM32F1xx_HAL_Driver/Src/stm32f1xx_hal_cortex.o
                0x00000000080031b6                HAL_NVIC_SetPriority
 .text.HAL_SYSTICK_Config
                0x00000000080031ee       0x18 Drivers/STM32F1xx_HAL_Driver/Src/stm32f1xx_hal_cortex.o
                0x00000000080031ee                HAL_SYSTICK_Config
 *fill*         0x0000000008003206        0x2 
 .text.HAL_GPIO_Init
                0x0000000008003208      0x2b4 Drivers/STM32F1xx_HAL_Driver/Src/stm32f1xx_hal_gpio.o
                0x0000000008003208                HAL_GPIO_Init
 .text.HAL_GPIO_WritePin
                0x00000000080034bc       0x30 Drivers/STM32F1xx_HAL_Driver/Src/stm32f1xx_hal_gpio.o
                0x00000000080034bc                HAL_GPIO_WritePin
 .text.HAL_GPIO_TogglePin
                0x00000000080034ec       0x32 Drivers/STM32F1xx_HAL_Driver/Src/stm32f1xx_hal_gpio.o
                0x00000000080034ec                HAL_GPIO_TogglePin
 *fill*         0x000000000800351e        0x2 
 .text.HAL_I2C_Init
                0x0000000008003520      0x270 Drivers/STM32F1xx_HAL_Driver/Src/stm32f1xx_hal_i2c.o
                0x0000000008003520                HAL_I2C_Init
 .text.HAL_I2C_Master_Transmit
                0x0000000008003790      0x1fc Drivers/STM32F1xx_HAL_Driver/Src/stm32f1xx_hal_i2c.o
                0x0000000008003790                HAL_I2C_Master_Transmit
 .text.HAL_I2C_Master_Receive
                0x000000000800398c      0x4b4 Drivers/STM32F1xx_HAL_Driver/Src/stm32f1xx_hal_i2c.o
                0x000000000800398c                HAL_I2C_Master_Receive
 .text.HAL_I2C_IsDeviceReady
                0x0000000008003e40      0x25c Drivers/STM32F1xx_HAL_Driver/Src/stm32f1xx_hal_i2c.o
                0x0000000008003e40                HAL_I2C_IsDeviceReady
 .text.I2C_MasterRequestWrite
                0x000000000800409c      0x104 Drivers/STM32F1xx_HAL_Driver/Src/stm32f1xx_hal_i2c.o
 .text.I2C_MasterRequestRead
                0x00000000080041a0      0x19c Drivers/STM32F1xx_HAL_Driver/Src/stm32f1xx_hal_i2c.o
 .text.I2C_WaitOnFlagUntilTimeout
                0x000000000800433c       0xae Drivers/STM32F1xx_HAL_Driver/Src/stm32f1xx_hal_i2c.o
 .text.I2C_WaitOnMasterAddressFlagUntilTimeout
                0x00000000080043ea       0xfe Drivers/STM32F1xx_HAL_Driver/Src/stm32f1xx_hal_i2c.o
 .text.I2C_WaitOnTXEFlagUntilTimeout
                0x00000000080044e8       0x82 Drivers/STM32F1xx_HAL_Driver/Src/stm32f1xx_hal_i2c.o
 .text.I2C_WaitOnBTFFlagUntilTimeout
                0x000000000800456a       0x82 Drivers/STM32F1xx_HAL_Driver/Src/stm32f1xx_hal_i2c.o
 .text.I2C_WaitOnRXNEFlagUntilTimeout
                0x00000000080045ec       0xac Drivers/STM32F1xx_HAL_Driver/Src/stm32f1xx_hal_i2c.o
 .text.I2C_IsAcknowledgeFailed
                0x0000000008004698       0x5c Drivers/STM32F1xx_HAL_Driver/Src/stm32f1xx_hal_i2c.o
 .text.HAL_RCC_OscConfig
                0x00000000080046f4      0x500 Drivers/STM32F1xx_HAL_Driver/Src/stm32f1xx_hal_rcc.o
                0x00000000080046f4                HAL_RCC_OscConfig
 .text.HAL_RCC_ClockConfig
                0x0000000008004bf4      0x1d4 Drivers/STM32F1xx_HAL_Driver/Src/stm32f1xx_hal_rcc.o
                0x0000000008004bf4                HAL_RCC_ClockConfig
 .text.HAL_RCC_GetSysClockFreq
                0x0000000008004dc8       0xc4 Drivers/STM32F1xx_HAL_Driver/Src/stm32f1xx_hal_rcc.o
                0x0000000008004dc8                HAL_RCC_GetSysClockFreq
 .text.HAL_RCC_GetHCLKFreq
                0x0000000008004e8c       0x14 Drivers/STM32F1xx_HAL_Driver/Src/stm32f1xx_hal_rcc.o
                0x0000000008004e8c                HAL_RCC_GetHCLKFreq
 .text.HAL_RCC_GetPCLK1Freq
                0x0000000008004ea0       0x28 Drivers/STM32F1xx_HAL_Driver/Src/stm32f1xx_hal_rcc.o
                0x0000000008004ea0                HAL_RCC_GetPCLK1Freq
 .text.HAL_RCC_GetPCLK2Freq
                0x0000000008004ec8       0x28 Drivers/STM32F1xx_HAL_Driver/Src/stm32f1xx_hal_rcc.o
                0x0000000008004ec8                HAL_RCC_GetPCLK2Freq
 .text.RCC_Delay
                0x0000000008004ef0       0x3c Drivers/STM32F1xx_HAL_Driver/Src/stm32f1xx_hal_rcc.o
 .text.HAL_SPI_Init
                0x0000000008004f2c      0x108 Drivers/STM32F1xx_HAL_Driver/Src/stm32f1xx_hal_spi.o
                0x0000000008004f2c                HAL_SPI_Init
 .text.HAL_SPI_Transmit
                0x0000000008005034      0x278 Drivers/STM32F1xx_HAL_Driver/Src/stm32f1xx_hal_spi.o
                0x0000000008005034                HAL_SPI_Transmit
 .text.HAL_SPI_TransmitReceive
                0x00000000080052ac      0x344 Drivers/STM32F1xx_HAL_Driver/Src/stm32f1xx_hal_spi.o
                0x00000000080052ac                HAL_SPI_TransmitReceive
 .text.HAL_SPI_GetState
                0x00000000080055f0       0x1a Drivers/STM32F1xx_HAL_Driver/Src/stm32f1xx_hal_spi.o
                0x00000000080055f0                HAL_SPI_GetState
 *fill*         0x000000000800560a        0x2 
 .text.SPI_WaitFlagStateUntilTimeout
                0x000000000800560c      0x110 Drivers/STM32F1xx_HAL_Driver/Src/stm32f1xx_hal_spi.o
 .text.SPI_EndRxTxTransaction
                0x000000000800571c       0x3c Drivers/STM32F1xx_HAL_Driver/Src/stm32f1xx_hal_spi.o
 .text.HAL_TIM_Base_Init
                0x0000000008005758       0x9e Drivers/STM32F1xx_HAL_Driver/Src/stm32f1xx_hal_tim.o
                0x0000000008005758                HAL_TIM_Base_Init
 *fill*         0x00000000080057f6        0x2 
 .text.HAL_TIM_Base_Start
                0x00000000080057f8       0x94 Drivers/STM32F1xx_HAL_Driver/Src/stm32f1xx_hal_tim.o
                0x00000000080057f8                HAL_TIM_Base_Start
 .text.HAL_TIM_ConfigClockSource
                0x000000000800588c      0x16e Drivers/STM32F1xx_HAL_Driver/Src/stm32f1xx_hal_tim.o
                0x000000000800588c                HAL_TIM_ConfigClockSource
 *fill*         0x00000000080059fa        0x2 
 .text.TIM_Base_SetConfig
                0x00000000080059fc       0xc4 Drivers/STM32F1xx_HAL_Driver/Src/stm32f1xx_hal_tim.o
                0x00000000080059fc                TIM_Base_SetConfig
 .text.TIM_TI1_ConfigInputStage
                0x0000000008005ac0       0x5c Drivers/STM32F1xx_HAL_Driver/Src/stm32f1xx_hal_tim.o
 .text.TIM_TI2_ConfigInputStage
                0x0000000008005b1c       0x5e Drivers/STM32F1xx_HAL_Driver/Src/stm32f1xx_hal_tim.o
 .text.TIM_ITRx_SetConfig
                0x0000000008005b7a       0x34 Drivers/STM32F1xx_HAL_Driver/Src/stm32f1xx_hal_tim.o
 .text.TIM_ETR_SetConfig
                0x0000000008005bae       0x3e Drivers/STM32F1xx_HAL_Driver/Src/stm32f1xx_hal_tim.o
                0x0000000008005bae                TIM_ETR_SetConfig
 .text.HAL_TIMEx_MasterConfigSynchronization
                0x0000000008005bec       0xbc Drivers/STM32F1xx_HAL_Driver/Src/stm32f1xx_hal_tim_ex.o
                0x0000000008005bec                HAL_TIMEx_MasterConfigSynchronization
 .text.HAL_UART_Init
                0x0000000008005ca8       0x9a Drivers/STM32F1xx_HAL_Driver/Src/stm32f1xx_hal_uart.o
                0x0000000008005ca8                HAL_UART_Init
 .text.HAL_UART_Transmit
                0x0000000008005d42      0x124 Drivers/STM32F1xx_HAL_Driver/Src/stm32f1xx_hal_uart.o
                0x0000000008005d42                HAL_UART_Transmit
 .text.HAL_UART_Receive
                0x0000000008005e66      0x144 Drivers/STM32F1xx_HAL_Driver/Src/stm32f1xx_hal_uart.o
                0x0000000008005e66                HAL_UART_Receive
 .text.UART_WaitOnFlagUntilTimeout
                0x0000000008005faa       0x94 Drivers/STM32F1xx_HAL_Driver/Src/stm32f1xx_hal_uart.o
 *fill*         0x000000000800603e        0x2 
 .text.UART_SetConfig
                0x0000000008006040      0x11c Drivers/STM32F1xx_HAL_Driver/Src/stm32f1xx_hal_uart.o
 .text.MX_FATFS_Init
                0x000000000800615c       0x24 FATFS/App/fatfs.o
                0x000000000800615c                MX_FATFS_Init
 .text.get_fattime
                0x0000000008006180        0xe FATFS/App/fatfs.o
                0x0000000008006180                get_fattime
 .text.USER_initialize
                0x000000000800618e       0x1c FATFS/Target/user_diskio.o
                0x000000000800618e                USER_initialize
 .text.USER_status
                0x00000000080061aa       0x1c FATFS/Target/user_diskio.o
                0x00000000080061aa                USER_status
 .text.USER_read
                0x00000000080061c6       0x26 FATFS/Target/user_diskio.o
                0x00000000080061c6                USER_read
 .text.USER_write
                0x00000000080061ec       0x26 FATFS/Target/user_diskio.o
                0x00000000080061ec                USER_write
 .text.USER_ioctl
                0x0000000008006212       0x26 FATFS/Target/user_diskio.o
                0x0000000008006212                USER_ioctl
 .text.disk_status
                0x0000000008006238       0x34 Middlewares/Third_Party/FatFs/src/diskio.o
                0x0000000008006238                disk_status
 .text.disk_initialize
                0x000000000800626c       0x4c Middlewares/Third_Party/FatFs/src/diskio.o
                0x000000000800626c                disk_initialize
 .text.disk_read
                0x00000000080062b8       0x40 Middlewares/Third_Party/FatFs/src/diskio.o
                0x00000000080062b8                disk_read
 .text.disk_write
                0x00000000080062f8       0x40 Middlewares/Third_Party/FatFs/src/diskio.o
                0x00000000080062f8                disk_write
 .text.disk_ioctl
                0x0000000008006338       0x3c Middlewares/Third_Party/FatFs/src/diskio.o
                0x0000000008006338                disk_ioctl
 .text.mem_cpy  0x0000000008006374       0x3a Middlewares/Third_Party/FatFs/src/ff.o
 .text.mem_set  0x00000000080063ae       0x32 Middlewares/Third_Party/FatFs/src/ff.o
 .text.mem_cmp  0x00000000080063e0       0x4c Middlewares/Third_Party/FatFs/src/ff.o
 .text.chk_chr  0x000000000800642c       0x34 Middlewares/Third_Party/FatFs/src/ff.o
 .text.chk_lock
                0x0000000008006460       0xd8 Middlewares/Third_Party/FatFs/src/ff.o
 .text.enq_lock
                0x0000000008006538       0x48 Middlewares/Third_Party/FatFs/src/ff.o
 .text.inc_lock
                0x0000000008006580      0x16c Middlewares/Third_Party/FatFs/src/ff.o
 .text.dec_lock
                0x00000000080066ec       0x88 Middlewares/Third_Party/FatFs/src/ff.o
 .text.clear_lock
                0x0000000008006774       0x50 Middlewares/Third_Party/FatFs/src/ff.o
 .text.sync_window
                0x00000000080067c4       0x92 Middlewares/Third_Party/FatFs/src/ff.o
 .text.move_window
                0x0000000008006856       0x5c Middlewares/Third_Party/FatFs/src/ff.o
 .text.sync_fs  0x00000000080068b2      0x15a Middlewares/Third_Party/FatFs/src/ff.o
 .text.clust2sect
                0x0000000008006a0c       0x42 Middlewares/Third_Party/FatFs/src/ff.o
                0x0000000008006a0c                clust2sect
 .text.get_fat  0x0000000008006a4e      0x16e Middlewares/Third_Party/FatFs/src/ff.o
                0x0000000008006a4e                get_fat
 .text.put_fat  0x0000000008006bbc      0x216 Middlewares/Third_Party/FatFs/src/ff.o
                0x0000000008006bbc                put_fat
 .text.remove_chain
                0x0000000008006dd2       0xb4 Middlewares/Third_Party/FatFs/src/ff.o
 .text.create_chain
                0x0000000008006e86      0x13a Middlewares/Third_Party/FatFs/src/ff.o
 .text.clmt_clust
                0x0000000008006fc0       0x68 Middlewares/Third_Party/FatFs/src/ff.o
 .text.dir_sdi  0x0000000008007028      0x128 Middlewares/Third_Party/FatFs/src/ff.o
 .text.dir_next
                0x0000000008007150      0x1ee Middlewares/Third_Party/FatFs/src/ff.o
 .text.dir_alloc
                0x000000000800733e       0x94 Middlewares/Third_Party/FatFs/src/ff.o
 .text.ld_clust
                0x00000000080073d2       0x5a Middlewares/Third_Party/FatFs/src/ff.o
 .text.st_clust
                0x000000000800742c       0x4c Middlewares/Third_Party/FatFs/src/ff.o
 .text.cmp_lfn  0x0000000008007478       0xdc Middlewares/Third_Party/FatFs/src/ff.o
 .text.fit_lfn  0x0000000008007554       0xe8 Middlewares/Third_Party/FatFs/src/ff.o
 .text.gen_numname
                0x000000000800763c      0x11e Middlewares/Third_Party/FatFs/src/ff.o
 .text.sum_sfn  0x000000000800775a       0x40 Middlewares/Third_Party/FatFs/src/ff.o
 .text.dir_find
                0x000000000800779a      0x180 Middlewares/Third_Party/FatFs/src/ff.o
 *fill*         0x000000000800791a        0x2 
 .text.dir_register
                0x000000000800791c      0x21c Middlewares/Third_Party/FatFs/src/ff.o
 .text.create_name
                0x0000000008007b38      0x370 Middlewares/Third_Party/FatFs/src/ff.o
 .text.follow_path
                0x0000000008007ea8       0xdc Middlewares/Third_Party/FatFs/src/ff.o
 .text.get_ldnumber
                0x0000000008007f84       0x86 Middlewares/Third_Party/FatFs/src/ff.o
 *fill*         0x000000000800800a        0x2 
 .text.check_fs
                0x000000000800800c       0xd4 Middlewares/Third_Party/FatFs/src/ff.o
 .text.find_volume
                0x00000000080080e0      0x594 Middlewares/Third_Party/FatFs/src/ff.o
 .text.validate
                0x0000000008008674       0x66 Middlewares/Third_Party/FatFs/src/ff.o
 *fill*         0x00000000080086da        0x2 
 .text.f_mount  0x00000000080086dc       0x90 Middlewares/Third_Party/FatFs/src/ff.o
                0x00000000080086dc                f_mount
 .text.f_open   0x000000000800876c      0x424 Middlewares/Third_Party/FatFs/src/ff.o
                0x000000000800876c                f_open
 .text.f_write  0x0000000008008b90      0x35a Middlewares/Third_Party/FatFs/src/ff.o
                0x0000000008008b90                f_write
 .text.f_sync   0x0000000008008eea      0x174 Middlewares/Third_Party/FatFs/src/ff.o
                0x0000000008008eea                f_sync
 .text.f_close  0x000000000800905e       0x50 Middlewares/Third_Party/FatFs/src/ff.o
                0x000000000800905e                f_close
 .text.f_getfree
                0x00000000080090ae      0x19a Middlewares/Third_Party/FatFs/src/ff.o
                0x00000000080090ae                f_getfree
 .text.putc_bfd
                0x0000000008009248       0x7a Middlewares/Third_Party/FatFs/src/ff.o
 .text.f_puts   0x00000000080092c2       0x74 Middlewares/Third_Party/FatFs/src/ff.o
                0x00000000080092c2                f_puts
 *fill*         0x0000000008009336        0x2 
 .text.FATFS_LinkDriverEx
                0x0000000008009338       0x94 Middlewares/Third_Party/FatFs/src/ff_gen_drv.o
                0x0000000008009338                FATFS_LinkDriverEx
 .text.FATFS_LinkDriver
                0x00000000080093cc       0x1e Middlewares/Third_Party/FatFs/src/ff_gen_drv.o
                0x00000000080093cc                FATFS_LinkDriver
 *fill*         0x00000000080093ea        0x2 
 .text.ff_convert
                0x00000000080093ec       0x74 Middlewares/Third_Party/FatFs/src/option/ccsbcs.o
                0x00000000080093ec                ff_convert
 .text.ff_wtoupper
                0x0000000008009460       0x5c Middlewares/Third_Party/FatFs/src/option/ccsbcs.o
                0x0000000008009460                ff_wtoupper
 .text.__errno  0x00000000080094bc        0xc c:/st/stm32cubeide_1.4.0/stm32cubeide/plugins/com.st.stm32cube.ide.mcu.externaltools.gnu-tools-for-stm32.7-2018-q2-update.win32_1.4.0.202007081208/tools/bin/../lib/gcc/arm-none-eabi/7.3.1/../../../../arm-none-eabi/lib/thumb/v7-m\libc_nano.a(lib_a-errno.o)
                0x00000000080094bc                __errno
 .text.__libc_init_array
                0x00000000080094c8       0x48 c:/st/stm32cubeide_1.4.0/stm32cubeide/plugins/com.st.stm32cube.ide.mcu.externaltools.gnu-tools-for-stm32.7-2018-q2-update.win32_1.4.0.202007081208/tools/bin/../lib/gcc/arm-none-eabi/7.3.1/../../../../arm-none-eabi/lib/thumb/v7-m\libc_nano.a(lib_a-init.o)
                0x00000000080094c8                __libc_init_array
 .text.memset   0x0000000008009510       0x10 c:/st/stm32cubeide_1.4.0/stm32cubeide/plugins/com.st.stm32cube.ide.mcu.externaltools.gnu-tools-for-stm32.7-2018-q2-update.win32_1.4.0.202007081208/tools/bin/../lib/gcc/arm-none-eabi/7.3.1/../../../../arm-none-eabi/lib/thumb/v7-m\libc_nano.a(lib_a-memset.o)
                0x0000000008009510                memset
 .text.__cvt    0x0000000008009520       0xb8 c:/st/stm32cubeide_1.4.0/stm32cubeide/plugins/com.st.stm32cube.ide.mcu.externaltools.gnu-tools-for-stm32.7-2018-q2-update.win32_1.4.0.202007081208/tools/bin/../lib/gcc/arm-none-eabi/7.3.1/../../../../arm-none-eabi/lib/thumb/v7-m\libc_nano.a(lib_a-nano-vfprintf_float.o)
                0x0000000008009520                __cvt
 .text.__exponent
                0x00000000080095d8       0x6a c:/st/stm32cubeide_1.4.0/stm32cubeide/plugins/com.st.stm32cube.ide.mcu.externaltools.gnu-tools-for-stm32.7-2018-q2-update.win32_1.4.0.202007081208/tools/bin/../lib/gcc/arm-none-eabi/7.3.1/../../../../arm-none-eabi/lib/thumb/v7-m\libc_nano.a(lib_a-nano-vfprintf_float.o)
                0x00000000080095d8                __exponent
 *fill*         0x0000000008009642        0x2 
 .text._printf_float
                0x0000000008009644      0x46c c:/st/stm32cubeide_1.4.0/stm32cubeide/plugins/com.st.stm32cube.ide.mcu.externaltools.gnu-tools-for-stm32.7-2018-q2-update.win32_1.4.0.202007081208/tools/bin/../lib/gcc/arm-none-eabi/7.3.1/../../../../arm-none-eabi/lib/thumb/v7-m\libc_nano.a(lib_a-nano-vfprintf_float.o)
                0x0000000008009644                _printf_float
 .text._printf_common
                0x0000000008009ab0       0xec c:/st/stm32cubeide_1.4.0/stm32cubeide/plugins/com.st.stm32cube.ide.mcu.externaltools.gnu-tools-for-stm32.7-2018-q2-update.win32_1.4.0.202007081208/tools/bin/../lib/gcc/arm-none-eabi/7.3.1/../../../../arm-none-eabi/lib/thumb/v7-m\libc_nano.a(lib_a-nano-vfprintf_i.o)
                0x0000000008009ab0                _printf_common
 .text._printf_i
                0x0000000008009b9c      0x224 c:/st/stm32cubeide_1.4.0/stm32cubeide/plugins/com.st.stm32cube.ide.mcu.externaltools.gnu-tools-for-stm32.7-2018-q2-update.win32_1.4.0.202007081208/tools/bin/../lib/gcc/arm-none-eabi/7.3.1/../../../../arm-none-eabi/lib/thumb/v7-m\libc_nano.a(lib_a-nano-vfprintf_i.o)
                0x0000000008009b9c                _printf_i
 .text.sprintf  0x0000000008009dc0       0x40 c:/st/stm32cubeide_1.4.0/stm32cubeide/plugins/com.st.stm32cube.ide.mcu.externaltools.gnu-tools-for-stm32.7-2018-q2-update.win32_1.4.0.202007081208/tools/bin/../lib/gcc/arm-none-eabi/7.3.1/../../../../arm-none-eabi/lib/thumb/v7-m\libc_nano.a(lib_a-sprintf.o)
                0x0000000008009dc0                siprintf
                0x0000000008009dc0                sprintf
 .text.quorem   0x0000000008009e00      0x11c c:/st/stm32cubeide_1.4.0/stm32cubeide/plugins/com.st.stm32cube.ide.mcu.externaltools.gnu-tools-for-stm32.7-2018-q2-update.win32_1.4.0.202007081208/tools/bin/../lib/gcc/arm-none-eabi/7.3.1/../../../../arm-none-eabi/lib/thumb/v7-m\libc_nano.a(lib_a-dtoa.o)
 *fill*         0x0000000008009f1c        0x4 
 .text._dtoa_r  0x0000000008009f20      0xb68 c:/st/stm32cubeide_1.4.0/stm32cubeide/plugins/com.st.stm32cube.ide.mcu.externaltools.gnu-tools-for-stm32.7-2018-q2-update.win32_1.4.0.202007081208/tools/bin/../lib/gcc/arm-none-eabi/7.3.1/../../../../arm-none-eabi/lib/thumb/v7-m\libc_nano.a(lib_a-dtoa.o)
                0x0000000008009f20                _dtoa_r
 .text._localeconv_r
                0x000000000800aa88       0x1c c:/st/stm32cubeide_1.4.0/stm32cubeide/plugins/com.st.stm32cube.ide.mcu.externaltools.gnu-tools-for-stm32.7-2018-q2-update.win32_1.4.0.202007081208/tools/bin/../lib/gcc/arm-none-eabi/7.3.1/../../../../arm-none-eabi/lib/thumb/v7-m\libc_nano.a(lib_a-localeconv.o)
                0x000000000800aa88                _localeconv_r
 .text.malloc   0x000000000800aaa4       0x10 c:/st/stm32cubeide_1.4.0/stm32cubeide/plugins/com.st.stm32cube.ide.mcu.externaltools.gnu-tools-for-stm32.7-2018-q2-update.win32_1.4.0.202007081208/tools/bin/../lib/gcc/arm-none-eabi/7.3.1/../../../../arm-none-eabi/lib/thumb/v7-m\libc_nano.a(lib_a-malloc.o)
                0x000000000800aaa4                malloc
 .text.memchr   0x000000000800aab4       0x1c c:/st/stm32cubeide_1.4.0/stm32cubeide/plugins/com.st.stm32cube.ide.mcu.externaltools.gnu-tools-for-stm32.7-2018-q2-update.win32_1.4.0.202007081208/tools/bin/../lib/gcc/arm-none-eabi/7.3.1/../../../../arm-none-eabi/lib/thumb/v7-m\libc_nano.a(lib_a-memchr-stub.o)
                0x000000000800aab4                memchr
 .text.memcpy   0x000000000800aad0       0x16 c:/st/stm32cubeide_1.4.0/stm32cubeide/plugins/com.st.stm32cube.ide.mcu.externaltools.gnu-tools-for-stm32.7-2018-q2-update.win32_1.4.0.202007081208/tools/bin/../lib/gcc/arm-none-eabi/7.3.1/../../../../arm-none-eabi/lib/thumb/v7-m\libc_nano.a(lib_a-memcpy-stub.o)
                0x000000000800aad0                memcpy
 .text._Balloc  0x000000000800aae6       0x68 c:/st/stm32cubeide_1.4.0/stm32cubeide/plugins/com.st.stm32cube.ide.mcu.externaltools.gnu-tools-for-stm32.7-2018-q2-update.win32_1.4.0.202007081208/tools/bin/../lib/gcc/arm-none-eabi/7.3.1/../../../../arm-none-eabi/lib/thumb/v7-m\libc_nano.a(lib_a-mprec.o)
                0x000000000800aae6                _Balloc
 .text._Bfree   0x000000000800ab4e       0x2e c:/st/stm32cubeide_1.4.0/stm32cubeide/plugins/com.st.stm32cube.ide.mcu.externaltools.gnu-tools-for-stm32.7-2018-q2-update.win32_1.4.0.202007081208/tools/bin/../lib/gcc/arm-none-eabi/7.3.1/../../../../arm-none-eabi/lib/thumb/v7-m\libc_nano.a(lib_a-mprec.o)
                0x000000000800ab4e                _Bfree
 .text.__multadd
                0x000000000800ab7c       0x76 c:/st/stm32cubeide_1.4.0/stm32cubeide/plugins/com.st.stm32cube.ide.mcu.externaltools.gnu-tools-for-stm32.7-2018-q2-update.win32_1.4.0.202007081208/tools/bin/../lib/gcc/arm-none-eabi/7.3.1/../../../../arm-none-eabi/lib/thumb/v7-m\libc_nano.a(lib_a-mprec.o)
                0x000000000800ab7c                __multadd
 .text.__hi0bits
                0x000000000800abf2       0x3e c:/st/stm32cubeide_1.4.0/stm32cubeide/plugins/com.st.stm32cube.ide.mcu.externaltools.gnu-tools-for-stm32.7-2018-q2-update.win32_1.4.0.202007081208/tools/bin/../lib/gcc/arm-none-eabi/7.3.1/../../../../arm-none-eabi/lib/thumb/v7-m\libc_nano.a(lib_a-mprec.o)
                0x000000000800abf2                __hi0bits
 .text.__lo0bits
                0x000000000800ac30       0x5e c:/st/stm32cubeide_1.4.0/stm32cubeide/plugins/com.st.stm32cube.ide.mcu.externaltools.gnu-tools-for-stm32.7-2018-q2-update.win32_1.4.0.202007081208/tools/bin/../lib/gcc/arm-none-eabi/7.3.1/../../../../arm-none-eabi/lib/thumb/v7-m\libc_nano.a(lib_a-mprec.o)
                0x000000000800ac30                __lo0bits
 .text.__i2b    0x000000000800ac8e       0x12 c:/st/stm32cubeide_1.4.0/stm32cubeide/plugins/com.st.stm32cube.ide.mcu.externaltools.gnu-tools-for-stm32.7-2018-q2-update.win32_1.4.0.202007081208/tools/bin/../lib/gcc/arm-none-eabi/7.3.1/../../../../arm-none-eabi/lib/thumb/v7-m\libc_nano.a(lib_a-mprec.o)
                0x000000000800ac8e                __i2b
 .text.__multiply
                0x000000000800aca0      0x12a c:/st/stm32cubeide_1.4.0/stm32cubeide/plugins/com.st.stm32cube.ide.mcu.externaltools.gnu-tools-for-stm32.7-2018-q2-update.win32_1.4.0.202007081208/tools/bin/../lib/gcc/arm-none-eabi/7.3.1/../../../../arm-none-eabi/lib/thumb/v7-m\libc_nano.a(lib_a-mprec.o)
                0x000000000800aca0                __multiply
 *fill*         0x000000000800adca        0x2 
 .text.__pow5mult
                0x000000000800adcc       0x9c c:/st/stm32cubeide_1.4.0/stm32cubeide/plugins/com.st.stm32cube.ide.mcu.externaltools.gnu-tools-for-stm32.7-2018-q2-update.win32_1.4.0.202007081208/tools/bin/../lib/gcc/arm-none-eabi/7.3.1/../../../../arm-none-eabi/lib/thumb/v7-m\libc_nano.a(lib_a-mprec.o)
                0x000000000800adcc                __pow5mult
 .text.__lshift
                0x000000000800ae68       0xa8 c:/st/stm32cubeide_1.4.0/stm32cubeide/plugins/com.st.stm32cube.ide.mcu.externaltools.gnu-tools-for-stm32.7-2018-q2-update.win32_1.4.0.202007081208/tools/bin/../lib/gcc/arm-none-eabi/7.3.1/../../../../arm-none-eabi/lib/thumb/v7-m\libc_nano.a(lib_a-mprec.o)
                0x000000000800ae68                __lshift
 .text.__mcmp   0x000000000800af10       0x34 c:/st/stm32cubeide_1.4.0/stm32cubeide/plugins/com.st.stm32cube.ide.mcu.externaltools.gnu-tools-for-stm32.7-2018-q2-update.win32_1.4.0.202007081208/tools/bin/../lib/gcc/arm-none-eabi/7.3.1/../../../../arm-none-eabi/lib/thumb/v7-m\libc_nano.a(lib_a-mprec.o)
                0x000000000800af10                __mcmp
 .text.__mdiff  0x000000000800af44       0xbc c:/st/stm32cubeide_1.4.0/stm32cubeide/plugins/com.st.stm32cube.ide.mcu.externaltools.gnu-tools-for-stm32.7-2018-q2-update.win32_1.4.0.202007081208/tools/bin/../lib/gcc/arm-none-eabi/7.3.1/../../../../arm-none-eabi/lib/thumb/v7-m\libc_nano.a(lib_a-mprec.o)
                0x000000000800af44                __mdiff
 .text.__d2b    0x000000000800b000       0x9e c:/st/stm32cubeide_1.4.0/stm32cubeide/plugins/com.st.stm32cube.ide.mcu.externaltools.gnu-tools-for-stm32.7-2018-q2-update.win32_1.4.0.202007081208/tools/bin/../lib/gcc/arm-none-eabi/7.3.1/../../../../arm-none-eabi/lib/thumb/v7-m\libc_nano.a(lib_a-mprec.o)
                0x000000000800b000                __d2b
 .text._calloc_r
                0x000000000800b09e       0x1c c:/st/stm32cubeide_1.4.0/stm32cubeide/plugins/com.st.stm32cube.ide.mcu.externaltools.gnu-tools-for-stm32.7-2018-q2-update.win32_1.4.0.202007081208/tools/bin/../lib/gcc/arm-none-eabi/7.3.1/../../../../arm-none-eabi/lib/thumb/v7-m\libc_nano.a(lib_a-nano-callocr.o)
                0x000000000800b09e                _calloc_r
 *fill*         0x000000000800b0ba        0x2 
 .text._free_r  0x000000000800b0bc       0x98 c:/st/stm32cubeide_1.4.0/stm32cubeide/plugins/com.st.stm32cube.ide.mcu.externaltools.gnu-tools-for-stm32.7-2018-q2-update.win32_1.4.0.202007081208/tools/bin/../lib/gcc/arm-none-eabi/7.3.1/../../../../arm-none-eabi/lib/thumb/v7-m\libc_nano.a(lib_a-nano-freer.o)
                0x000000000800b0bc                _free_r
 .text._malloc_r
                0x000000000800b154       0xb4 c:/st/stm32cubeide_1.4.0/stm32cubeide/plugins/com.st.stm32cube.ide.mcu.externaltools.gnu-tools-for-stm32.7-2018-q2-update.win32_1.4.0.202007081208/tools/bin/../lib/gcc/arm-none-eabi/7.3.1/../../../../arm-none-eabi/lib/thumb/v7-m\libc_nano.a(lib_a-nano-mallocr.o)
                0x000000000800b154                _malloc_r
 .text.__ssputs_r
                0x000000000800b208       0xb4 c:/st/stm32cubeide_1.4.0/stm32cubeide/plugins/com.st.stm32cube.ide.mcu.externaltools.gnu-tools-for-stm32.7-2018-q2-update.win32_1.4.0.202007081208/tools/bin/../lib/gcc/arm-none-eabi/7.3.1/../../../../arm-none-eabi/lib/thumb/v7-m\libc_nano.a(lib_a-nano-svfprintf.o)
                0x000000000800b208                __ssputs_r
 .text._svfprintf_r
                0x000000000800b2bc      0x1f0 c:/st/stm32cubeide_1.4.0/stm32cubeide/plugins/com.st.stm32cube.ide.mcu.externaltools.gnu-tools-for-stm32.7-2018-q2-update.win32_1.4.0.202007081208/tools/bin/../lib/gcc/arm-none-eabi/7.3.1/../../../../arm-none-eabi/lib/thumb/v7-m\libc_nano.a(lib_a-nano-svfprintf.o)
                0x000000000800b2bc                _svfiprintf_r
                0x000000000800b2bc                _svfprintf_r
 .text._sbrk_r  0x000000000800b4ac       0x20 c:/st/stm32cubeide_1.4.0/stm32cubeide/plugins/com.st.stm32cube.ide.mcu.externaltools.gnu-tools-for-stm32.7-2018-q2-update.win32_1.4.0.202007081208/tools/bin/../lib/gcc/arm-none-eabi/7.3.1/../../../../arm-none-eabi/lib/thumb/v7-m\libc_nano.a(lib_a-sbrkr.o)
                0x000000000800b4ac                _sbrk_r
 .text.__ascii_mbtowc
                0x000000000800b4cc       0x24 c:/st/stm32cubeide_1.4.0/stm32cubeide/plugins/com.st.stm32cube.ide.mcu.externaltools.gnu-tools-for-stm32.7-2018-q2-update.win32_1.4.0.202007081208/tools/bin/../lib/gcc/arm-none-eabi/7.3.1/../../../../arm-none-eabi/lib/thumb/v7-m\libc_nano.a(lib_a-mbtowc_r.o)
                0x000000000800b4cc                __ascii_mbtowc
 .text.memmove  0x000000000800b4f0       0x32 c:/st/stm32cubeide_1.4.0/stm32cubeide/plugins/com.st.stm32cube.ide.mcu.externaltools.gnu-tools-for-stm32.7-2018-q2-update.win32_1.4.0.202007081208/tools/bin/../lib/gcc/arm-none-eabi/7.3.1/../../../../arm-none-eabi/lib/thumb/v7-m\libc_nano.a(lib_a-memmove.o)
                0x000000000800b4f0                memmove
 .text.__malloc_lock
                0x000000000800b522        0x2 c:/st/stm32cubeide_1.4.0/stm32cubeide/plugins/com.st.stm32cube.ide.mcu.externaltools.gnu-tools-for-stm32.7-2018-q2-update.win32_1.4.0.202007081208/tools/bin/../lib/gcc/arm-none-eabi/7.3.1/../../../../arm-none-eabi/lib/thumb/v7-m\libc_nano.a(lib_a-mlock.o)
                0x000000000800b522                __malloc_lock
 .text.__malloc_unlock
                0x000000000800b524        0x2 c:/st/stm32cubeide_1.4.0/stm32cubeide/plugins/com.st.stm32cube.ide.mcu.externaltools.gnu-tools-for-stm32.7-2018-q2-update.win32_1.4.0.202007081208/tools/bin/../lib/gcc/arm-none-eabi/7.3.1/../../../../arm-none-eabi/lib/thumb/v7-m\libc_nano.a(lib_a-mlock.o)
                0x000000000800b524                __malloc_unlock
 .text._realloc_r
                0x000000000800b526       0x4c c:/st/stm32cubeide_1.4.0/stm32cubeide/plugins/com.st.stm32cube.ide.mcu.externaltools.gnu-tools-for-stm32.7-2018-q2-update.win32_1.4.0.202007081208/tools/bin/../lib/gcc/arm-none-eabi/7.3.1/../../../../arm-none-eabi/lib/thumb/v7-m\libc_nano.a(lib_a-nano-reallocr.o)
                0x000000000800b526                _realloc_r
 .text.__ascii_wctomb
                0x000000000800b572       0x1a c:/st/stm32cubeide_1.4.0/stm32cubeide/plugins/com.st.stm32cube.ide.mcu.externaltools.gnu-tools-for-stm32.7-2018-q2-update.win32_1.4.0.202007081208/tools/bin/../lib/gcc/arm-none-eabi/7.3.1/../../../../arm-none-eabi/lib/thumb/v7-m\libc_nano.a(lib_a-wctomb_r.o)
                0x000000000800b572                __ascii_wctomb
 .text._malloc_usable_size_r
                0x000000000800b58c       0x10 c:/st/stm32cubeide_1.4.0/stm32cubeide/plugins/com.st.stm32cube.ide.mcu.externaltools.gnu-tools-for-stm32.7-2018-q2-update.win32_1.4.0.202007081208/tools/bin/../lib/gcc/arm-none-eabi/7.3.1/../../../../arm-none-eabi/lib/thumb/v7-m\libc_nano.a(lib_a-nano-msizer.o)
                0x000000000800b58c                _malloc_usable_size_r
 .text.pow      0x000000000800b59c      0x2b8 c:/st/stm32cubeide_1.4.0/stm32cubeide/plugins/com.st.stm32cube.ide.mcu.externaltools.gnu-tools-for-stm32.7-2018-q2-update.win32_1.4.0.202007081208/tools/bin/../lib/gcc/arm-none-eabi/7.3.1/../../../../arm-none-eabi/lib/thumb/v7-m\libm.a(lib_a-w_pow.o)
                0x000000000800b59c                pow
 *fill*         0x000000000800b854        0x4 
 .text.__ieee754_pow
                0x000000000800b858      0xa14 c:/st/stm32cubeide_1.4.0/stm32cubeide/plugins/com.st.stm32cube.ide.mcu.externaltools.gnu-tools-for-stm32.7-2018-q2-update.win32_1.4.0.202007081208/tools/bin/../lib/gcc/arm-none-eabi/7.3.1/../../../../arm-none-eabi/lib/thumb/v7-m\libm.a(lib_a-e_pow.o)
                0x000000000800b858                __ieee754_pow
 .text.__ieee754_sqrt
                0x000000000800c26c      0x158 c:/st/stm32cubeide_1.4.0/stm32cubeide/plugins/com.st.stm32cube.ide.mcu.externaltools.gnu-tools-for-stm32.7-2018-q2-update.win32_1.4.0.202007081208/tools/bin/../lib/gcc/arm-none-eabi/7.3.1/../../../../arm-none-eabi/lib/thumb/v7-m\libm.a(lib_a-e_sqrt.o)
                0x000000000800c26c                __ieee754_sqrt
 .text.fabs     0x000000000800c3c4        0x8 c:/st/stm32cubeide_1.4.0/stm32cubeide/plugins/com.st.stm32cube.ide.mcu.externaltools.gnu-tools-for-stm32.7-2018-q2-update.win32_1.4.0.202007081208/tools/bin/../lib/gcc/arm-none-eabi/7.3.1/../../../../arm-none-eabi/lib/thumb/v7-m\libm.a(lib_a-s_fabs.o)
                0x000000000800c3c4                fabs
 .text.finite   0x000000000800c3cc        0xc c:/st/stm32cubeide_1.4.0/stm32cubeide/plugins/com.st.stm32cube.ide.mcu.externaltools.gnu-tools-for-stm32.7-2018-q2-update.win32_1.4.0.202007081208/tools/bin/../lib/gcc/arm-none-eabi/7.3.1/../../../../arm-none-eabi/lib/thumb/v7-m\libm.a(lib_a-s_finite.o)
                0x000000000800c3cc                finite
 .text.matherr  0x000000000800c3d8        0x4 c:/st/stm32cubeide_1.4.0/stm32cubeide/plugins/com.st.stm32cube.ide.mcu.externaltools.gnu-tools-for-stm32.7-2018-q2-update.win32_1.4.0.202007081208/tools/bin/../lib/gcc/arm-none-eabi/7.3.1/../../../../arm-none-eabi/lib/thumb/v7-m\libm.a(lib_a-s_matherr.o)
                0x000000000800c3d8                matherr
 .text.nan      0x000000000800c3dc        0xc c:/st/stm32cubeide_1.4.0/stm32cubeide/plugins/com.st.stm32cube.ide.mcu.externaltools.gnu-tools-for-stm32.7-2018-q2-update.win32_1.4.0.202007081208/tools/bin/../lib/gcc/arm-none-eabi/7.3.1/../../../../arm-none-eabi/lib/thumb/v7-m\libm.a(lib_a-s_nan.o)
                0x000000000800c3dc                nan
 .text.rint     0x000000000800c3e8      0x114 c:/st/stm32cubeide_1.4.0/stm32cubeide/plugins/com.st.stm32cube.ide.mcu.externaltools.gnu-tools-for-stm32.7-2018-q2-update.win32_1.4.0.202007081208/tools/bin/../lib/gcc/arm-none-eabi/7.3.1/../../../../arm-none-eabi/lib/thumb/v7-m\libm.a(lib_a-s_rint.o)
                0x000000000800c3e8                rint
 *fill*         0x000000000800c4fc        0x4 
 .text.scalbn   0x000000000800c500       0xdc c:/st/stm32cubeide_1.4.0/stm32cubeide/plugins/com.st.stm32cube.ide.mcu.externaltools.gnu-tools-for-stm32.7-2018-q2-update.win32_1.4.0.202007081208/tools/bin/../lib/gcc/arm-none-eabi/7.3.1/../../../../arm-none-eabi/lib/thumb/v7-m\libm.a(lib_a-s_scalbn.o)
                0x000000000800c500                scalbn
 .text.copysign
                0x000000000800c5dc       0x12 c:/st/stm32cubeide_1.4.0/stm32cubeide/plugins/com.st.stm32cube.ide.mcu.externaltools.gnu-tools-for-stm32.7-2018-q2-update.win32_1.4.0.202007081208/tools/bin/../lib/gcc/arm-none-eabi/7.3.1/../../../../arm-none-eabi/lib/thumb/v7-m\libm.a(lib_a-s_copysign.o)
                0x000000000800c5dc                copysign
 *(.glue_7)
 .glue_7        0x000000000800c5ee        0x0 linker stubs
 *(.glue_7t)
 .glue_7t       0x000000000800c5ee        0x0 linker stubs
 *(.eh_frame)
 *fill*         0x000000000800c5ee        0x2 
 .eh_frame      0x000000000800c5f0        0x0 c:/st/stm32cubeide_1.4.0/stm32cubeide/plugins/com.st.stm32cube.ide.mcu.externaltools.gnu-tools-for-stm32.7-2018-q2-update.win32_1.4.0.202007081208/tools/bin/../lib/gcc/arm-none-eabi/7.3.1/thumb/v7-m/crtbegin.o
 *(.init)
 .init          0x000000000800c5f0        0x4 c:/st/stm32cubeide_1.4.0/stm32cubeide/plugins/com.st.stm32cube.ide.mcu.externaltools.gnu-tools-for-stm32.7-2018-q2-update.win32_1.4.0.202007081208/tools/bin/../lib/gcc/arm-none-eabi/7.3.1/thumb/v7-m/crti.o
                0x000000000800c5f0                _init
 .init          0x000000000800c5f4        0x8 c:/st/stm32cubeide_1.4.0/stm32cubeide/plugins/com.st.stm32cube.ide.mcu.externaltools.gnu-tools-for-stm32.7-2018-q2-update.win32_1.4.0.202007081208/tools/bin/../lib/gcc/arm-none-eabi/7.3.1/thumb/v7-m/crtn.o
 *(.fini)
 .fini          0x000000000800c5fc        0x4 c:/st/stm32cubeide_1.4.0/stm32cubeide/plugins/com.st.stm32cube.ide.mcu.externaltools.gnu-tools-for-stm32.7-2018-q2-update.win32_1.4.0.202007081208/tools/bin/../lib/gcc/arm-none-eabi/7.3.1/thumb/v7-m/crti.o
                0x000000000800c5fc                _fini
 .fini          0x000000000800c600        0x8 c:/st/stm32cubeide_1.4.0/stm32cubeide/plugins/com.st.stm32cube.ide.mcu.externaltools.gnu-tools-for-stm32.7-2018-q2-update.win32_1.4.0.202007081208/tools/bin/../lib/gcc/arm-none-eabi/7.3.1/thumb/v7-m/crtn.o
                0x000000000800c608                . = ALIGN (0x4)
                0x000000000800c608                _etext = .

.vfp11_veneer   0x000000000800c608        0x0
 .vfp11_veneer  0x000000000800c608        0x0 linker stubs

.v4_bx          0x000000000800c608        0x0
 .v4_bx         0x000000000800c608        0x0 linker stubs

.iplt           0x000000000800c608        0x0
 .iplt          0x000000000800c608        0x0 c:/st/stm32cubeide_1.4.0/stm32cubeide/plugins/com.st.stm32cube.ide.mcu.externaltools.gnu-tools-for-stm32.7-2018-q2-update.win32_1.4.0.202007081208/tools/bin/../lib/gcc/arm-none-eabi/7.3.1/thumb/v7-m/crtbegin.o

.rodata         0x000000000800c608      0x970
                0x000000000800c608                . = ALIGN (0x4)
 *(.rodata)
 .rodata        0x000000000800c608      0x101 Core/Src/main.o
 *fill*         0x000000000800c709        0x3 
 .rodata        0x000000000800c70c       0x12 Drivers/STM32F1xx_HAL_Driver/Src/stm32f1xx_hal_rcc.o
 *fill*         0x000000000800c71e        0x2 
 .rodata        0x000000000800c720       0x48 Middlewares/Third_Party/FatFs/src/ff.o
 *(.rodata*)
 .rodata.AHBPrescTable
                0x000000000800c768       0x10 Core/Src/system_stm32f1xx.o
                0x000000000800c768                AHBPrescTable
 .rodata.APBPrescTable
                0x000000000800c778        0x8 Core/Src/system_stm32f1xx.o
                0x000000000800c778                APBPrescTable
 .rodata.ExCvt  0x000000000800c780       0x80 Middlewares/Third_Party/FatFs/src/ff.o
 .rodata.LfnOfs
                0x000000000800c800        0xd Middlewares/Third_Party/FatFs/src/ff.o
 *fill*         0x000000000800c80d        0x3 
 .rodata.Tbl    0x000000000800c810      0x100 Middlewares/Third_Party/FatFs/src/option/ccsbcs.o
 .rodata.tbl_lower.6662
                0x000000000800c910      0x1e0 Middlewares/Third_Party/FatFs/src/option/ccsbcs.o
 .rodata.tbl_upper.6663
                0x000000000800caf0      0x1e0 Middlewares/Third_Party/FatFs/src/option/ccsbcs.o
 .rodata._printf_float.str1.1
                0x000000000800ccd0       0x12 c:/st/stm32cubeide_1.4.0/stm32cubeide/plugins/com.st.stm32cube.ide.mcu.externaltools.gnu-tools-for-stm32.7-2018-q2-update.win32_1.4.0.202007081208/tools/bin/../lib/gcc/arm-none-eabi/7.3.1/../../../../arm-none-eabi/lib/thumb/v7-m\libc_nano.a(lib_a-nano-vfprintf_float.o)
 .rodata._printf_i.str1.1
                0x000000000800cce2       0x22 c:/st/stm32cubeide_1.4.0/stm32cubeide/plugins/com.st.stm32cube.ide.mcu.externaltools.gnu-tools-for-stm32.7-2018-q2-update.win32_1.4.0.202007081208/tools/bin/../lib/gcc/arm-none-eabi/7.3.1/../../../../arm-none-eabi/lib/thumb/v7-m\libc_nano.a(lib_a-nano-vfprintf_i.o)
 .rodata._dtoa_r.str1.1
                0x000000000800cd04        0xd c:/st/stm32cubeide_1.4.0/stm32cubeide/plugins/com.st.stm32cube.ide.mcu.externaltools.gnu-tools-for-stm32.7-2018-q2-update.win32_1.4.0.202007081208/tools/bin/../lib/gcc/arm-none-eabi/7.3.1/../../../../arm-none-eabi/lib/thumb/v7-m\libc_nano.a(lib_a-dtoa.o)
                                          0xf (size before relaxing)
 *fill*         0x000000000800cd11        0x7 
 .rodata.__mprec_bigtens
                0x000000000800cd18       0x28 c:/st/stm32cubeide_1.4.0/stm32cubeide/plugins/com.st.stm32cube.ide.mcu.externaltools.gnu-tools-for-stm32.7-2018-q2-update.win32_1.4.0.202007081208/tools/bin/../lib/gcc/arm-none-eabi/7.3.1/../../../../arm-none-eabi/lib/thumb/v7-m\libc_nano.a(lib_a-mprec.o)
                0x000000000800cd18                __mprec_bigtens
 .rodata.__mprec_tens
                0x000000000800cd40       0xc8 c:/st/stm32cubeide_1.4.0/stm32cubeide/plugins/com.st.stm32cube.ide.mcu.externaltools.gnu-tools-for-stm32.7-2018-q2-update.win32_1.4.0.202007081208/tools/bin/../lib/gcc/arm-none-eabi/7.3.1/../../../../arm-none-eabi/lib/thumb/v7-m\libc_nano.a(lib_a-mprec.o)
                0x000000000800cd40                __mprec_tens
 .rodata.p05.6084
                0x000000000800ce08        0xc c:/st/stm32cubeide_1.4.0/stm32cubeide/plugins/com.st.stm32cube.ide.mcu.externaltools.gnu-tools-for-stm32.7-2018-q2-update.win32_1.4.0.202007081208/tools/bin/../lib/gcc/arm-none-eabi/7.3.1/../../../../arm-none-eabi/lib/thumb/v7-m\libc_nano.a(lib_a-mprec.o)
 .rodata._svfprintf_r.str1.1
                0x000000000800ce14       0x11 c:/st/stm32cubeide_1.4.0/stm32cubeide/plugins/com.st.stm32cube.ide.mcu.externaltools.gnu-tools-for-stm32.7-2018-q2-update.win32_1.4.0.202007081208/tools/bin/../lib/gcc/arm-none-eabi/7.3.1/../../../../arm-none-eabi/lib/thumb/v7-m\libc_nano.a(lib_a-nano-svfprintf.o)
 .rodata._setlocale_r.str1.1
                0x000000000800ce25        0x8 c:/st/stm32cubeide_1.4.0/stm32cubeide/plugins/com.st.stm32cube.ide.mcu.externaltools.gnu-tools-for-stm32.7-2018-q2-update.win32_1.4.0.202007081208/tools/bin/../lib/gcc/arm-none-eabi/7.3.1/../../../../arm-none-eabi/lib/thumb/v7-m\libc_nano.a(lib_a-locale.o)
                                          0x9 (size before relaxing)
 .rodata.str1.1
                0x000000000800ce2d        0x2 c:/st/stm32cubeide_1.4.0/stm32cubeide/plugins/com.st.stm32cube.ide.mcu.externaltools.gnu-tools-for-stm32.7-2018-q2-update.win32_1.4.0.202007081208/tools/bin/../lib/gcc/arm-none-eabi/7.3.1/../../../../arm-none-eabi/lib/thumb/v7-m\libc_nano.a(lib_a-locale.o)
 .rodata._ctype_
                0x000000000800ce2f      0x101 c:/st/stm32cubeide_1.4.0/stm32cubeide/plugins/com.st.stm32cube.ide.mcu.externaltools.gnu-tools-for-stm32.7-2018-q2-update.win32_1.4.0.202007081208/tools/bin/../lib/gcc/arm-none-eabi/7.3.1/../../../../arm-none-eabi/lib/thumb/v7-m\libc_nano.a(lib_a-ctype_.o)
                0x000000000800ce2f                _ctype_
 .rodata.pow.str1.1
                0x000000000800cf30        0x4 c:/st/stm32cubeide_1.4.0/stm32cubeide/plugins/com.st.stm32cube.ide.mcu.externaltools.gnu-tools-for-stm32.7-2018-q2-update.win32_1.4.0.202007081208/tools/bin/../lib/gcc/arm-none-eabi/7.3.1/../../../../arm-none-eabi/lib/thumb/v7-m\libm.a(lib_a-w_pow.o)
 .rodata.__ieee754_pow.str1.1
                0x000000000800cf34        0x1 c:/st/stm32cubeide_1.4.0/stm32cubeide/plugins/com.st.stm32cube.ide.mcu.externaltools.gnu-tools-for-stm32.7-2018-q2-update.win32_1.4.0.202007081208/tools/bin/../lib/gcc/arm-none-eabi/7.3.1/../../../../arm-none-eabi/lib/thumb/v7-m\libm.a(lib_a-e_pow.o)
 *fill*         0x000000000800cf34        0x4 
 .rodata.bp     0x000000000800cf38       0x10 c:/st/stm32cubeide_1.4.0/stm32cubeide/plugins/com.st.stm32cube.ide.mcu.externaltools.gnu-tools-for-stm32.7-2018-q2-update.win32_1.4.0.202007081208/tools/bin/../lib/gcc/arm-none-eabi/7.3.1/../../../../arm-none-eabi/lib/thumb/v7-m\libm.a(lib_a-e_pow.o)
 .rodata.dp_h   0x000000000800cf48       0x10 c:/st/stm32cubeide_1.4.0/stm32cubeide/plugins/com.st.stm32cube.ide.mcu.externaltools.gnu-tools-for-stm32.7-2018-q2-update.win32_1.4.0.202007081208/tools/bin/../lib/gcc/arm-none-eabi/7.3.1/../../../../arm-none-eabi/lib/thumb/v7-m\libm.a(lib_a-e_pow.o)
 .rodata.dp_l   0x000000000800cf58       0x10 c:/st/stm32cubeide_1.4.0/stm32cubeide/plugins/com.st.stm32cube.ide.mcu.externaltools.gnu-tools-for-stm32.7-2018-q2-update.win32_1.4.0.202007081208/tools/bin/../lib/gcc/arm-none-eabi/7.3.1/../../../../arm-none-eabi/lib/thumb/v7-m\libm.a(lib_a-e_pow.o)
 .rodata.TWO52  0x000000000800cf68       0x10 c:/st/stm32cubeide_1.4.0/stm32cubeide/plugins/com.st.stm32cube.ide.mcu.externaltools.gnu-tools-for-stm32.7-2018-q2-update.win32_1.4.0.202007081208/tools/bin/../lib/gcc/arm-none-eabi/7.3.1/../../../../arm-none-eabi/lib/thumb/v7-m\libm.a(lib_a-s_rint.o)
                0x000000000800cf78                . = ALIGN (0x4)

.rel.dyn        0x000000000800cf78        0x0
 .rel.iplt      0x000000000800cf78        0x0 c:/st/stm32cubeide_1.4.0/stm32cubeide/plugins/com.st.stm32cube.ide.mcu.externaltools.gnu-tools-for-stm32.7-2018-q2-update.win32_1.4.0.202007081208/tools/bin/../lib/gcc/arm-none-eabi/7.3.1/thumb/v7-m/crtbegin.o

.ARM.extab      0x000000000800cf78        0x0
                0x000000000800cf78                . = ALIGN (0x4)
 *(.ARM.extab* .gnu.linkonce.armextab.*)
                0x000000000800cf78                . = ALIGN (0x4)

.ARM            0x000000000800cf78        0x0
                0x000000000800cf78                . = ALIGN (0x4)
                0x000000000800cf78                __exidx_start = .
 *(.ARM.exidx*)
                0x000000000800cf78                __exidx_end = .
                0x000000000800cf78                . = ALIGN (0x4)

.preinit_array  0x000000000800cf78        0x0
                0x000000000800cf78                . = ALIGN (0x4)
                0x000000000800cf78                PROVIDE (__preinit_array_start = .)
 *(.preinit_array*)
                0x000000000800cf78                PROVIDE (__preinit_array_end = .)
                0x000000000800cf78                . = ALIGN (0x4)

.init_array     0x000000000800cf78        0x4
                0x000000000800cf78                . = ALIGN (0x4)
                0x000000000800cf78                PROVIDE (__init_array_start = .)
 *(SORT_BY_NAME(.init_array.*))
 *(.init_array*)
 .init_array    0x000000000800cf78        0x4 c:/st/stm32cubeide_1.4.0/stm32cubeide/plugins/com.st.stm32cube.ide.mcu.externaltools.gnu-tools-for-stm32.7-2018-q2-update.win32_1.4.0.202007081208/tools/bin/../lib/gcc/arm-none-eabi/7.3.1/thumb/v7-m/crtbegin.o
                0x000000000800cf7c                PROVIDE (__init_array_end = .)
                0x000000000800cf7c                . = ALIGN (0x4)

.fini_array     0x000000000800cf7c        0x4
                0x000000000800cf7c                . = ALIGN (0x4)
                [!provide]                        PROVIDE (__fini_array_start = .)
 *(SORT_BY_NAME(.fini_array.*))
 *(.fini_array*)
 .fini_array    0x000000000800cf7c        0x4 c:/st/stm32cubeide_1.4.0/stm32cubeide/plugins/com.st.stm32cube.ide.mcu.externaltools.gnu-tools-for-stm32.7-2018-q2-update.win32_1.4.0.202007081208/tools/bin/../lib/gcc/arm-none-eabi/7.3.1/thumb/v7-m/crtbegin.o
                [!provide]                        PROVIDE (__fini_array_end = .)
                0x000000000800cf80                . = ALIGN (0x4)
                0x000000000800cf80                _sidata = LOADADDR (.data)

.data           0x0000000020000000      0x20c load address 0x000000000800cf80
                0x0000000020000000                . = ALIGN (0x4)
                0x0000000020000000                _sdata = .
 *(.data)
 *(.data*)
 .data.D1_4096  0x0000000020000000        0x1 Core/Src/MS5611.o
                0x0000000020000000                D1_4096
 .data.D2_4096  0x0000000020000001        0x1 Core/Src/MS5611.o
                0x0000000020000001                D2_4096
 .data.Read_PROMFAB
                0x0000000020000002        0x1 Core/Src/MS5611.o
                0x0000000020000002                Read_PROMFAB
 .data.Read_PROMC1
                0x0000000020000003        0x1 Core/Src/MS5611.o
                0x0000000020000003                Read_PROMC1
 .data.Read_PROMC2
                0x0000000020000004        0x1 Core/Src/MS5611.o
                0x0000000020000004                Read_PROMC2
 .data.Read_PROMC3
                0x0000000020000005        0x1 Core/Src/MS5611.o
                0x0000000020000005                Read_PROMC3
 .data.Read_PROMC4
                0x0000000020000006        0x1 Core/Src/MS5611.o
                0x0000000020000006                Read_PROMC4
 .data.Read_PROMC5
                0x0000000020000007        0x1 Core/Src/MS5611.o
                0x0000000020000007                Read_PROMC5
 .data.Read_PROMC6
                0x0000000020000008        0x1 Core/Src/MS5611.o
                0x0000000020000008                Read_PROMC6
 .data.Read_PROMCRC
                0x0000000020000009        0x1 Core/Src/MS5611.o
                0x0000000020000009                Read_PROMCRC
 *fill*         0x000000002000000a        0x2 
 .data.P0       0x000000002000000c        0x4 Core/Src/MS5611.o
                0x000000002000000c                P0
 .data.pte      0x0000000020000010        0x4 Core/Src/MS5611.o
                0x0000000020000010                pte
 .data.Stat     0x0000000020000014        0x1 Core/Src/fatfs_sd.o
 *fill*         0x0000000020000015        0x3 
 .data.SystemCoreClock
                0x0000000020000018        0x4 Core/Src/system_stm32f1xx.o
                0x0000000020000018                SystemCoreClock
 .data.uwTickPrio
                0x000000002000001c        0x4 Drivers/STM32F1xx_HAL_Driver/Src/stm32f1xx_hal.o
                0x000000002000001c                uwTickPrio
 .data.uwTickFreq
                0x0000000020000020        0x1 Drivers/STM32F1xx_HAL_Driver/Src/stm32f1xx_hal.o
                0x0000000020000020                uwTickFreq
 *fill*         0x0000000020000021        0x3 
 .data.USER_Driver
                0x0000000020000024       0x14 FATFS/Target/user_diskio.o
                0x0000000020000024                USER_Driver
 .data._impure_ptr
                0x0000000020000038        0x4 c:/st/stm32cubeide_1.4.0/stm32cubeide/plugins/com.st.stm32cube.ide.mcu.externaltools.gnu-tools-for-stm32.7-2018-q2-update.win32_1.4.0.202007081208/tools/bin/../lib/gcc/arm-none-eabi/7.3.1/../../../../arm-none-eabi/lib/thumb/v7-m\libc_nano.a(lib_a-impure.o)
                0x0000000020000038                _impure_ptr
 .data.impure_data
                0x000000002000003c       0x60 c:/st/stm32cubeide_1.4.0/stm32cubeide/plugins/com.st.stm32cube.ide.mcu.externaltools.gnu-tools-for-stm32.7-2018-q2-update.win32_1.4.0.202007081208/tools/bin/../lib/gcc/arm-none-eabi/7.3.1/../../../../arm-none-eabi/lib/thumb/v7-m\libc_nano.a(lib_a-impure.o)
 .data.__global_locale
                0x000000002000009c      0x16c c:/st/stm32cubeide_1.4.0/stm32cubeide/plugins/com.st.stm32cube.ide.mcu.externaltools.gnu-tools-for-stm32.7-2018-q2-update.win32_1.4.0.202007081208/tools/bin/../lib/gcc/arm-none-eabi/7.3.1/../../../../arm-none-eabi/lib/thumb/v7-m\libc_nano.a(lib_a-locale.o)
                0x000000002000009c                __global_locale
 .data.__fdlib_version
                0x0000000020000208        0x1 c:/st/stm32cubeide_1.4.0/stm32cubeide/plugins/com.st.stm32cube.ide.mcu.externaltools.gnu-tools-for-stm32.7-2018-q2-update.win32_1.4.0.202007081208/tools/bin/../lib/gcc/arm-none-eabi/7.3.1/../../../../arm-none-eabi/lib/thumb/v7-m\libm.a(lib_a-s_lib_ver.o)
                0x0000000020000208                __fdlib_version
                0x000000002000020c                . = ALIGN (0x4)
 *fill*         0x0000000020000209        0x3 
                0x000000002000020c                _edata = .

.igot.plt       0x000000002000020c        0x0 load address 0x000000000800d18c
 .igot.plt      0x000000002000020c        0x0 c:/st/stm32cubeide_1.4.0/stm32cubeide/plugins/com.st.stm32cube.ide.mcu.externaltools.gnu-tools-for-stm32.7-2018-q2-update.win32_1.4.0.202007081208/tools/bin/../lib/gcc/arm-none-eabi/7.3.1/thumb/v7-m/crtbegin.o
                0x000000002000020c                . = ALIGN (0x4)

.bss            0x0000000020000210     0x1268 load address 0x000000000800d18c
                0x0000000020000210                _sbss = .
                0x0000000020000210                __bss_start__ = _sbss
 *(.bss)
 .bss           0x0000000020000210       0x1c c:/st/stm32cubeide_1.4.0/stm32cubeide/plugins/com.st.stm32cube.ide.mcu.externaltools.gnu-tools-for-stm32.7-2018-q2-update.win32_1.4.0.202007081208/tools/bin/../lib/gcc/arm-none-eabi/7.3.1/thumb/v7-m/crtbegin.o
 *(.bss*)
 .bss.BASE_P    0x000000002000022c        0xc Core/Src/MS5611.o
                0x000000002000022c                BASE_P
 .bss.BASE      0x0000000020000238        0x4 Core/Src/MS5611.o
                0x0000000020000238                BASE
 .bss.fab_data  0x000000002000023c       0x10 Core/Src/MS5611.o
                0x000000002000023c                fab_data
 .bss.ADC       0x000000002000024c        0x6 Core/Src/MS5611.o
                0x000000002000024c                ADC
 *fill*         0x0000000020000252        0x2 
 .bss.C         0x0000000020000254        0xc Core/Src/MS5611.o
                0x0000000020000254                C
 .bss.D1        0x0000000020000260        0x4 Core/Src/MS5611.o
                0x0000000020000260                D1
 .bss.D2        0x0000000020000264        0x4 Core/Src/MS5611.o
                0x0000000020000264                D2
 .bss.Read_ADC  0x0000000020000268        0x1 Core/Src/MS5611.o
                0x0000000020000268                Read_ADC
 *fill*         0x0000000020000269        0x3 
 .bss.dT        0x000000002000026c        0x4 Core/Src/MS5611.o
                0x000000002000026c                dT
 .bss.dT2       0x0000000020000270        0x4 Core/Src/MS5611.o
                0x0000000020000270                dT2
 *fill*         0x0000000020000274        0x4 
 .bss.OFF       0x0000000020000278        0x8 Core/Src/MS5611.o
                0x0000000020000278                OFF
 .bss.SENS      0x0000000020000280        0x8 Core/Src/MS5611.o
                0x0000000020000280                SENS
 .bss.OFF2      0x0000000020000288        0x8 Core/Src/MS5611.o
                0x0000000020000288                OFF2
 .bss.SENS2     0x0000000020000290        0x8 Core/Src/MS5611.o
                0x0000000020000290                SENS2
 .bss.TEMP      0x0000000020000298        0x4 Core/Src/MS5611.o
                0x0000000020000298                TEMP
 .bss.PRESS     0x000000002000029c        0x4 Core/Src/MS5611.o
                0x000000002000029c                PRESS
 .bss.ALT       0x00000000200002a0        0x4 Core/Src/MS5611.o
                0x00000000200002a0                ALT
 .bss.T         0x00000000200002a4        0x4 Core/Src/MS5611.o
                0x00000000200002a4                T
 .bss.CardType  0x00000000200002a8        0x1 Core/Src/fatfs_sd.o
 .bss.PowerFlag
                0x00000000200002a9        0x1 Core/Src/fatfs_sd.o
 *fill*         0x00000000200002aa        0x2 
 .bss.RX2_BUFF  0x00000000200002ac        0xb Core/Src/main.o
                0x00000000200002ac                RX2_BUFF
 *fill*         0x00000000200002b7        0x1 
 .bss.RX1_BUFF  0x00000000200002b8       0x78 Core/Src/main.o
                0x00000000200002b8                RX1_BUFF
 .bss.RX1_BUFF_T
                0x0000000020000330       0x8c Core/Src/main.o
                0x0000000020000330                RX1_BUFF_T
 .bss.go        0x00000000200003bc        0x1 Core/Src/main.o
                0x00000000200003bc                go
 *fill*         0x00000000200003bd        0x3 
 .bss.ALT_T     0x00000000200003c0        0x4 Core/Src/main.o
                0x00000000200003c0                ALT_T
 .bss.velocity  0x00000000200003c4        0x4 Core/Src/main.o
                0x00000000200003c4                velocity
 .bss.PALT_T    0x00000000200003c8        0x4 Core/Src/main.o
                0x00000000200003c8                PALT_T
 .bss.ElapsedTime
                0x00000000200003cc        0x4 Core/Src/main.o
                0x00000000200003cc                ElapsedTime
 .bss.PreviousTime
                0x00000000200003d0        0x4 Core/Src/main.o
                0x00000000200003d0                PreviousTime
 .bss.CurrentTime
                0x00000000200003d4        0x4 Core/Src/main.o
                0x00000000200003d4                CurrentTime
 .bss.FatFsCnt  0x00000000200003d8        0x1 Core/Src/stm32f1xx_it.o
                0x00000000200003d8                FatFsCnt
 *fill*         0x00000000200003d9        0x3 
 .bss.__sbrk_heap_end
                0x00000000200003dc        0x4 Core/Src/sysmem.o
 .bss.FatFs     0x00000000200003e0        0x4 Middlewares/Third_Party/FatFs/src/ff.o
 .bss.Fsid      0x00000000200003e4        0x2 Middlewares/Third_Party/FatFs/src/ff.o
 *fill*         0x00000000200003e6        0x2 
 .bss.Files     0x00000000200003e8       0x18 Middlewares/Third_Party/FatFs/src/ff.o
 .bss.LfnBuf    0x0000000020000400      0x200 Middlewares/Third_Party/FatFs/src/ff.o
 .bss.disk      0x0000000020000600        0xc Middlewares/Third_Party/FatFs/src/ff_gen_drv.o
                0x0000000020000600                disk
 .bss.__malloc_free_list
                0x000000002000060c        0x4 c:/st/stm32cubeide_1.4.0/stm32cubeide/plugins/com.st.stm32cube.ide.mcu.externaltools.gnu-tools-for-stm32.7-2018-q2-update.win32_1.4.0.202007081208/tools/bin/../lib/gcc/arm-none-eabi/7.3.1/../../../../arm-none-eabi/lib/thumb/v7-m\libc_nano.a(lib_a-nano-mallocr.o)
                0x000000002000060c                __malloc_free_list
 .bss.__malloc_sbrk_start
                0x0000000020000610        0x4 c:/st/stm32cubeide_1.4.0/stm32cubeide/plugins/com.st.stm32cube.ide.mcu.externaltools.gnu-tools-for-stm32.7-2018-q2-update.win32_1.4.0.202007081208/tools/bin/../lib/gcc/arm-none-eabi/7.3.1/../../../../arm-none-eabi/lib/thumb/v7-m\libc_nano.a(lib_a-nano-mallocr.o)
                0x0000000020000610                __malloc_sbrk_start
 *(COMMON)
 COMMON         0x0000000020000614      0x9f4 Core/Src/main.o
                0x0000000020000614                fre_clust
                0x0000000020000618                hspi2
                0x0000000020000670                fs
                0x00000000200008a0                hi2c1
                0x00000000200008f4                br
                0x00000000200008f8                free_space
                0x00000000200008fc                huart1
                0x0000000020000940                buffer
                0x0000000020000d40                bw
                0x0000000020000d44                pfs
                0x0000000020000d48                fresult
                0x0000000020000d4c                htim2
                0x0000000020000d94                huart2
                0x0000000020000dd8                total
                0x0000000020000ddc                fil
 COMMON         0x0000000020001008        0x2 Core/Src/stm32f1xx_it.o
                0x0000000020001008                Timer2
                0x0000000020001009                Timer1
 *fill*         0x000000002000100a        0x2 
 COMMON         0x000000002000100c        0x4 Drivers/STM32F1xx_HAL_Driver/Src/stm32f1xx_hal.o
                0x000000002000100c                uwTick
 COMMON         0x0000000020001010      0x464 FATFS/App/fatfs.o
                0x0000000020001010                USERPath
                0x0000000020001014                retUSER
                0x0000000020001018                USERFile
                0x0000000020001244                USERFatFS
 COMMON         0x0000000020001474        0x4 c:/st/stm32cubeide_1.4.0/stm32cubeide/plugins/com.st.stm32cube.ide.mcu.externaltools.gnu-tools-for-stm32.7-2018-q2-update.win32_1.4.0.202007081208/tools/bin/../lib/gcc/arm-none-eabi/7.3.1/../../../../arm-none-eabi/lib/thumb/v7-m\libc_nano.a(lib_a-reent.o)
                0x0000000020001474                errno
                0x0000000020001478                . = ALIGN (0x4)
                0x0000000020001478                _ebss = .
                0x0000000020001478                __bss_end__ = _ebss

._user_heap_stack
                0x0000000020001478      0x600 load address 0x000000000800d18c
                0x0000000020001478                . = ALIGN (0x8)
                [!provide]                        PROVIDE (end = .)
                0x0000000020001478                PROVIDE (_end = .)
                0x0000000020001678                . = (. + _Min_Heap_Size)
 *fill*         0x0000000020001478      0x200 
                0x0000000020001a78                . = (. + _Min_Stack_Size)
 *fill*         0x0000000020001678      0x400 
                0x0000000020001a78                . = ALIGN (0x8)

/DISCARD/
 libc.a(*)
 libm.a(*)
 libgcc.a(*)

.ARM.attributes
                0x0000000000000000       0x29
 *(.ARM.attributes)
 .ARM.attributes
                0x0000000000000000       0x1d c:/st/stm32cubeide_1.4.0/stm32cubeide/plugins/com.st.stm32cube.ide.mcu.externaltools.gnu-tools-for-stm32.7-2018-q2-update.win32_1.4.0.202007081208/tools/bin/../lib/gcc/arm-none-eabi/7.3.1/thumb/v7-m/crti.o
 .ARM.attributes
                0x000000000000001d       0x2d c:/st/stm32cubeide_1.4.0/stm32cubeide/plugins/com.st.stm32cube.ide.mcu.externaltools.gnu-tools-for-stm32.7-2018-q2-update.win32_1.4.0.202007081208/tools/bin/../lib/gcc/arm-none-eabi/7.3.1/thumb/v7-m/crtbegin.o
 .ARM.attributes
                0x000000000000004a       0x33 Core/Src/MS5611.o
 .ARM.attributes
                0x000000000000007d       0x33 Core/Src/fatfs_sd.o
 .ARM.attributes
                0x00000000000000b0       0x33 Core/Src/main.o
 .ARM.attributes
                0x00000000000000e3       0x33 Core/Src/stm32f1xx_hal_msp.o
 .ARM.attributes
                0x0000000000000116       0x33 Core/Src/stm32f1xx_it.o
 .ARM.attributes
                0x0000000000000149       0x33 Core/Src/sysmem.o
 .ARM.attributes
                0x000000000000017c       0x33 Core/Src/system_stm32f1xx.o
 .ARM.attributes
                0x00000000000001af       0x21 Core/Startup/startup_stm32f103c8tx.o
 .ARM.attributes
                0x00000000000001d0       0x33 Drivers/STM32F1xx_HAL_Driver/Src/stm32f1xx_hal.o
 .ARM.attributes
                0x0000000000000203       0x33 Drivers/STM32F1xx_HAL_Driver/Src/stm32f1xx_hal_cortex.o
 .ARM.attributes
                0x0000000000000236       0x33 Drivers/STM32F1xx_HAL_Driver/Src/stm32f1xx_hal_gpio.o
 .ARM.attributes
                0x0000000000000269       0x33 Drivers/STM32F1xx_HAL_Driver/Src/stm32f1xx_hal_i2c.o
 .ARM.attributes
                0x000000000000029c       0x33 Drivers/STM32F1xx_HAL_Driver/Src/stm32f1xx_hal_rcc.o
 .ARM.attributes
                0x00000000000002cf       0x33 Drivers/STM32F1xx_HAL_Driver/Src/stm32f1xx_hal_spi.o
 .ARM.attributes
                0x0000000000000302       0x33 Drivers/STM32F1xx_HAL_Driver/Src/stm32f1xx_hal_tim.o
 .ARM.attributes
                0x0000000000000335       0x33 Drivers/STM32F1xx_HAL_Driver/Src/stm32f1xx_hal_tim_ex.o
 .ARM.attributes
                0x0000000000000368       0x33 Drivers/STM32F1xx_HAL_Driver/Src/stm32f1xx_hal_uart.o
 .ARM.attributes
                0x000000000000039b       0x33 FATFS/App/fatfs.o
 .ARM.attributes
                0x00000000000003ce       0x33 FATFS/Target/user_diskio.o
 .ARM.attributes
                0x0000000000000401       0x33 Middlewares/Third_Party/FatFs/src/diskio.o
 .ARM.attributes
                0x0000000000000434       0x33 Middlewares/Third_Party/FatFs/src/ff.o
 .ARM.attributes
                0x0000000000000467       0x33 Middlewares/Third_Party/FatFs/src/ff_gen_drv.o
 .ARM.attributes
                0x000000000000049a       0x33 Middlewares/Third_Party/FatFs/src/option/ccsbcs.o
 .ARM.attributes
                0x00000000000004cd       0x2d c:/st/stm32cubeide_1.4.0/stm32cubeide/plugins/com.st.stm32cube.ide.mcu.externaltools.gnu-tools-for-stm32.7-2018-q2-update.win32_1.4.0.202007081208/tools/bin/../lib/gcc/arm-none-eabi/7.3.1/../../../../arm-none-eabi/lib/thumb/v7-m\libc_nano.a(lib_a-errno.o)
 .ARM.attributes
                0x00000000000004fa       0x2d c:/st/stm32cubeide_1.4.0/stm32cubeide/plugins/com.st.stm32cube.ide.mcu.externaltools.gnu-tools-for-stm32.7-2018-q2-update.win32_1.4.0.202007081208/tools/bin/../lib/gcc/arm-none-eabi/7.3.1/../../../../arm-none-eabi/lib/thumb/v7-m\libc_nano.a(lib_a-impure.o)
 .ARM.attributes
                0x0000000000000527       0x2d c:/st/stm32cubeide_1.4.0/stm32cubeide/plugins/com.st.stm32cube.ide.mcu.externaltools.gnu-tools-for-stm32.7-2018-q2-update.win32_1.4.0.202007081208/tools/bin/../lib/gcc/arm-none-eabi/7.3.1/../../../../arm-none-eabi/lib/thumb/v7-m\libc_nano.a(lib_a-init.o)
 .ARM.attributes
                0x0000000000000554       0x2d c:/st/stm32cubeide_1.4.0/stm32cubeide/plugins/com.st.stm32cube.ide.mcu.externaltools.gnu-tools-for-stm32.7-2018-q2-update.win32_1.4.0.202007081208/tools/bin/../lib/gcc/arm-none-eabi/7.3.1/../../../../arm-none-eabi/lib/thumb/v7-m\libc_nano.a(lib_a-memset.o)
 .ARM.attributes
                0x0000000000000581       0x2d c:/st/stm32cubeide_1.4.0/stm32cubeide/plugins/com.st.stm32cube.ide.mcu.externaltools.gnu-tools-for-stm32.7-2018-q2-update.win32_1.4.0.202007081208/tools/bin/../lib/gcc/arm-none-eabi/7.3.1/../../../../arm-none-eabi/lib/thumb/v7-m\libc_nano.a(lib_a-nano-vfprintf_float.o)
 .ARM.attributes
                0x00000000000005ae       0x2d c:/st/stm32cubeide_1.4.0/stm32cubeide/plugins/com.st.stm32cube.ide.mcu.externaltools.gnu-tools-for-stm32.7-2018-q2-update.win32_1.4.0.202007081208/tools/bin/../lib/gcc/arm-none-eabi/7.3.1/../../../../arm-none-eabi/lib/thumb/v7-m\libc_nano.a(lib_a-nano-vfprintf_i.o)
 .ARM.attributes
                0x00000000000005db       0x2d c:/st/stm32cubeide_1.4.0/stm32cubeide/plugins/com.st.stm32cube.ide.mcu.externaltools.gnu-tools-for-stm32.7-2018-q2-update.win32_1.4.0.202007081208/tools/bin/../lib/gcc/arm-none-eabi/7.3.1/../../../../arm-none-eabi/lib/thumb/v7-m\libc_nano.a(lib_a-sprintf.o)
 .ARM.attributes
                0x0000000000000608       0x17 c:/st/stm32cubeide_1.4.0/stm32cubeide/plugins/com.st.stm32cube.ide.mcu.externaltools.gnu-tools-for-stm32.7-2018-q2-update.win32_1.4.0.202007081208/tools/bin/../lib/gcc/arm-none-eabi/7.3.1/../../../../arm-none-eabi/lib/thumb/v7-m\libc_nano.a(lib_a-strlen.o)
 .ARM.attributes
                0x000000000000061f       0x2d c:/st/stm32cubeide_1.4.0/stm32cubeide/plugins/com.st.stm32cube.ide.mcu.externaltools.gnu-tools-for-stm32.7-2018-q2-update.win32_1.4.0.202007081208/tools/bin/../lib/gcc/arm-none-eabi/7.3.1/../../../../arm-none-eabi/lib/thumb/v7-m\libc_nano.a(lib_a-dtoa.o)
 .ARM.attributes
                0x000000000000064c       0x2d c:/st/stm32cubeide_1.4.0/stm32cubeide/plugins/com.st.stm32cube.ide.mcu.externaltools.gnu-tools-for-stm32.7-2018-q2-update.win32_1.4.0.202007081208/tools/bin/../lib/gcc/arm-none-eabi/7.3.1/../../../../arm-none-eabi/lib/thumb/v7-m\libc_nano.a(lib_a-localeconv.o)
 .ARM.attributes
                0x0000000000000679       0x2d c:/st/stm32cubeide_1.4.0/stm32cubeide/plugins/com.st.stm32cube.ide.mcu.externaltools.gnu-tools-for-stm32.7-2018-q2-update.win32_1.4.0.202007081208/tools/bin/../lib/gcc/arm-none-eabi/7.3.1/../../../../arm-none-eabi/lib/thumb/v7-m\libc_nano.a(lib_a-malloc.o)
 .ARM.attributes
                0x00000000000006a6       0x2d c:/st/stm32cubeide_1.4.0/stm32cubeide/plugins/com.st.stm32cube.ide.mcu.externaltools.gnu-tools-for-stm32.7-2018-q2-update.win32_1.4.0.202007081208/tools/bin/../lib/gcc/arm-none-eabi/7.3.1/../../../../arm-none-eabi/lib/thumb/v7-m\libc_nano.a(lib_a-memchr-stub.o)
 .ARM.attributes
                0x00000000000006d3       0x2d c:/st/stm32cubeide_1.4.0/stm32cubeide/plugins/com.st.stm32cube.ide.mcu.externaltools.gnu-tools-for-stm32.7-2018-q2-update.win32_1.4.0.202007081208/tools/bin/../lib/gcc/arm-none-eabi/7.3.1/../../../../arm-none-eabi/lib/thumb/v7-m\libc_nano.a(lib_a-memcpy-stub.o)
 .ARM.attributes
                0x0000000000000700       0x2d c:/st/stm32cubeide_1.4.0/stm32cubeide/plugins/com.st.stm32cube.ide.mcu.externaltools.gnu-tools-for-stm32.7-2018-q2-update.win32_1.4.0.202007081208/tools/bin/../lib/gcc/arm-none-eabi/7.3.1/../../../../arm-none-eabi/lib/thumb/v7-m\libc_nano.a(lib_a-mprec.o)
 .ARM.attributes
                0x000000000000072d       0x2d c:/st/stm32cubeide_1.4.0/stm32cubeide/plugins/com.st.stm32cube.ide.mcu.externaltools.gnu-tools-for-stm32.7-2018-q2-update.win32_1.4.0.202007081208/tools/bin/../lib/gcc/arm-none-eabi/7.3.1/../../../../arm-none-eabi/lib/thumb/v7-m\libc_nano.a(lib_a-nano-callocr.o)
 .ARM.attributes
                0x000000000000075a       0x2d c:/st/stm32cubeide_1.4.0/stm32cubeide/plugins/com.st.stm32cube.ide.mcu.externaltools.gnu-tools-for-stm32.7-2018-q2-update.win32_1.4.0.202007081208/tools/bin/../lib/gcc/arm-none-eabi/7.3.1/../../../../arm-none-eabi/lib/thumb/v7-m\libc_nano.a(lib_a-nano-freer.o)
 .ARM.attributes
                0x0000000000000787       0x2d c:/st/stm32cubeide_1.4.0/stm32cubeide/plugins/com.st.stm32cube.ide.mcu.externaltools.gnu-tools-for-stm32.7-2018-q2-update.win32_1.4.0.202007081208/tools/bin/../lib/gcc/arm-none-eabi/7.3.1/../../../../arm-none-eabi/lib/thumb/v7-m\libc_nano.a(lib_a-nano-mallocr.o)
 .ARM.attributes